Archive member included to satisfy reference by file (symbol)

c:/intelfpga/17.1/nios2eds/bin/gnu/h-x86_64-mingw32/bin/../lib/gcc/nios2-elf/5.3.0/mno-hw-mul\libgcc.a(lib2-divmod.o)
                              obj/default/ticInit.o (__divsi3)
c:/intelfpga/17.1/nios2eds/bin/gnu/h-x86_64-mingw32/bin/../lib/gcc/nios2-elf/5.3.0/mno-hw-mul\libgcc.a(lib2-mul.o)
                              obj/default/ticInit.o (__mulsi3)
c:/intelfpga/17.1/nios2eds/bin/gnu/h-x86_64-mingw32/bin/../lib/gcc/nios2-elf/5.3.0/../../../../../H-x86_64-mingw32/nios2-elf/lib/mno-hw-mul\libsmallc.a(lib_a-itoa.o)
                              obj/default/main.o (itoa)
c:/intelfpga/17.1/nios2eds/bin/gnu/h-x86_64-mingw32/bin/../lib/gcc/nios2-elf/5.3.0/../../../../../H-x86_64-mingw32/nios2-elf/lib/mno-hw-mul\libsmallc.a(lib_a-printf.o)
                              obj/default/reversInit.o (printf)
c:/intelfpga/17.1/nios2eds/bin/gnu/h-x86_64-mingw32/bin/../lib/gcc/nios2-elf/5.3.0/../../../../../H-x86_64-mingw32/nios2-elf/lib/mno-hw-mul\libsmallc.a(lib_a-utoa.o)
                              c:/intelfpga/17.1/nios2eds/bin/gnu/h-x86_64-mingw32/bin/../lib/gcc/nios2-elf/5.3.0/../../../../../H-x86_64-mingw32/nios2-elf/lib/mno-hw-mul\libsmallc.a(lib_a-itoa.o) (__utoa)
c:/intelfpga/17.1/nios2eds/bin/gnu/h-x86_64-mingw32/bin/../lib/gcc/nios2-elf/5.3.0/../../../../../H-x86_64-mingw32/nios2-elf/lib/mno-hw-mul\libsmallc.a(lib_a-vfprintf.o)
                              c:/intelfpga/17.1/nios2eds/bin/gnu/h-x86_64-mingw32/bin/../lib/gcc/nios2-elf/5.3.0/../../../../../H-x86_64-mingw32/nios2-elf/lib/mno-hw-mul\libsmallc.a(lib_a-printf.o) (___vfprintf_internal_r)
c:/intelfpga/17.1/nios2eds/bin/gnu/h-x86_64-mingw32/bin/../lib/gcc/nios2-elf/5.3.0/../../../../../H-x86_64-mingw32/nios2-elf/lib/mno-hw-mul\libsmallc.a(lib_a-fvwrite_small_dev.o)
                              c:/intelfpga/17.1/nios2eds/bin/gnu/h-x86_64-mingw32/bin/../lib/gcc/nios2-elf/5.3.0/../../../../../H-x86_64-mingw32/nios2-elf/lib/mno-hw-mul\libsmallc.a(lib_a-printf.o) (__sfvwrite_small_dev)
c:/intelfpga/17.1/nios2eds/bin/gnu/h-x86_64-mingw32/bin/../lib/gcc/nios2-elf/5.3.0/../../../../../H-x86_64-mingw32/nios2-elf/lib/mno-hw-mul\libsmallc.a(lib_a-impure.o)
                              c:/intelfpga/17.1/nios2eds/bin/gnu/h-x86_64-mingw32/bin/../lib/gcc/nios2-elf/5.3.0/../../../../../H-x86_64-mingw32/nios2-elf/lib/mno-hw-mul\libsmallc.a(lib_a-printf.o) (_impure_ptr)
c:/intelfpga/17.1/nios2eds/bin/gnu/h-x86_64-mingw32/bin/../lib/gcc/nios2-elf/5.3.0/../../../../../H-x86_64-mingw32/nios2-elf/lib/mno-hw-mul\libsmallc.a(lib_a-memcpy.o)
                              c:/intelfpga/17.1/nios2eds/bin/gnu/h-x86_64-mingw32/bin/../lib/gcc/nios2-elf/5.3.0/../../../../../H-x86_64-mingw32/nios2-elf/lib/mno-hw-mul\libsmallc.a(lib_a-utoa.o) (memcpy)
c:/intelfpga/17.1/nios2eds/bin/gnu/h-x86_64-mingw32/bin/../lib/gcc/nios2-elf/5.3.0/../../../../../H-x86_64-mingw32/nios2-elf/lib/mno-hw-mul\libsmallc.a(lib_a-strlen.o)
                              c:/intelfpga/17.1/nios2eds/bin/gnu/h-x86_64-mingw32/bin/../lib/gcc/nios2-elf/5.3.0/../../../../../H-x86_64-mingw32/nios2-elf/lib/mno-hw-mul\libsmallc.a(lib_a-vfprintf.o) (strlen)
c:/intelfpga/17.1/nios2eds/bin/gnu/h-x86_64-mingw32/bin/../lib/gcc/nios2-elf/5.3.0/../../../../../H-x86_64-mingw32/nios2-elf/lib/mno-hw-mul\libsmallc.a(lib_a-writer.o)
                              c:/intelfpga/17.1/nios2eds/bin/gnu/h-x86_64-mingw32/bin/../lib/gcc/nios2-elf/5.3.0/../../../../../H-x86_64-mingw32/nios2-elf/lib/mno-hw-mul\libsmallc.a(lib_a-fvwrite_small_dev.o) (_write_r)
c:/intelfpga/17.1/nios2eds/bin/gnu/h-x86_64-mingw32/bin/../lib/gcc/nios2-elf/5.3.0/../../../../../H-x86_64-mingw32/nios2-elf/lib/mno-hw-mul\libsmallc.a(lib_a-int_errno.o)
                              c:/intelfpga/17.1/nios2eds/bin/gnu/h-x86_64-mingw32/bin/../lib/gcc/nios2-elf/5.3.0/../../../../../H-x86_64-mingw32/nios2-elf/lib/mno-hw-mul\libsmallc.a(lib_a-writer.o) (errno)
../boardGame_bsp/\libhal_bsp.a(alt_getchar.o)
                              obj/default/ticInit.o (alt_getchar)
../boardGame_bsp/\libhal_bsp.a(alt_load.o)
                              ../boardGame_bsp//obj/HAL/src/crt0.o (alt_load)
../boardGame_bsp/\libhal_bsp.a(alt_main.o)
                              ../boardGame_bsp//obj/HAL/src/crt0.o (alt_main)
../boardGame_bsp/\libhal_bsp.a(alt_printf.o)
                              obj/default/main.o (alt_printf)
../boardGame_bsp/\libhal_bsp.a(alt_putchar.o)
                              ../boardGame_bsp/\libhal_bsp.a(alt_printf.o) (alt_putchar)
../boardGame_bsp/\libhal_bsp.a(alt_putstr.o)
                              obj/default/ticInit.o (alt_putstr)
../boardGame_bsp/\libhal_bsp.a(alt_usleep.o)
                              obj/default/ticInit.o (usleep)
../boardGame_bsp/\libhal_bsp.a(alt_write.o)
                              c:/intelfpga/17.1/nios2eds/bin/gnu/h-x86_64-mingw32/bin/../lib/gcc/nios2-elf/5.3.0/../../../../../H-x86_64-mingw32/nios2-elf/lib/mno-hw-mul\libsmallc.a(lib_a-writer.o) (write)
../boardGame_bsp/\libhal_bsp.a(alt_sys_init.o)
                              ../boardGame_bsp/\libhal_bsp.a(alt_main.o) (alt_irq_init)
../boardGame_bsp/\libhal_bsp.a(altera_avalon_jtag_uart_read.o)
                              ../boardGame_bsp/\libhal_bsp.a(alt_getchar.o) (altera_avalon_jtag_uart_read)
../boardGame_bsp/\libhal_bsp.a(altera_avalon_jtag_uart_write.o)
                              ../boardGame_bsp/\libhal_bsp.a(alt_putchar.o) (altera_avalon_jtag_uart_write)
../boardGame_bsp/\libhal_bsp.a(alt_busy_sleep.o)
                              ../boardGame_bsp/\libhal_bsp.a(alt_usleep.o) (alt_busy_sleep)
../boardGame_bsp/\libhal_bsp.a(alt_dcache_flush_all.o)
                              ../boardGame_bsp/\libhal_bsp.a(alt_load.o) (alt_dcache_flush_all)
../boardGame_bsp/\libhal_bsp.a(alt_dev.o)
                              ../boardGame_bsp/\libhal_bsp.a(alt_getchar.o) (alt_fd_list)
../boardGame_bsp/\libhal_bsp.a(alt_errno.o)
                              ../boardGame_bsp/\libhal_bsp.a(alt_write.o) (alt_errno)
../boardGame_bsp/\libhal_bsp.a(alt_icache_flush_all.o)
                              ../boardGame_bsp/\libhal_bsp.a(alt_load.o) (alt_icache_flush_all)
../boardGame_bsp/\libhal_bsp.a(altera_nios2_gen2_irq.o)
                              ../boardGame_bsp/\libhal_bsp.a(alt_sys_init.o) (altera_nios2_gen2_irq_init)

Allocating common symbols
Common symbol       size              file

winNumber           0x4               obj/default/main.o
player1Win          0x4               obj/default/main.o
ticBoard            0x40              obj/default/main.o
me                  0x4               obj/default/main.o
who                 0x1               obj/default/main.o
errno               0x4               c:/intelfpga/17.1/nios2eds/bin/gnu/h-x86_64-mingw32/bin/../lib/gcc/nios2-elf/5.3.0/../../../../../H-x86_64-mingw32/nios2-elf/lib/mno-hw-mul\libsmallc.a(lib_a-int_errno.o)
gameCapacity        0x4               obj/default/main.o
totalValidMoves     0x4               obj/default/main.o
gameChoice          0x4               obj/default/main.o
isWin               0x4               obj/default/main.o
other               0x1               obj/default/main.o
buffer              0x14              obj/default/main.o
player2Win          0x4               obj/default/main.o
biggest             0x4               obj/default/main.o
reversiOver         0x4               obj/default/main.o
currentPlayer       0x4               obj/default/main.o
isOver              0x4               obj/default/main.o

Memory Configuration

Name             Origin             Length             Attributes
reset            0x0000000000000000 0x0000000000000020
onchip_mem       0x0000000000000020 0x0000000000018680
*default*        0x0000000000000000 0xffffffffffffffff

Linker script and memory map

LOAD ../boardGame_bsp//obj/HAL/src/crt0.o
LOAD obj/default/main.o
LOAD obj/default/reversInit.o
LOAD obj/default/ticInit.o
LOAD c:/intelfpga/17.1/nios2eds/bin/gnu/h-x86_64-mingw32/bin/../lib/gcc/nios2-elf/5.3.0/../../../../../H-x86_64-mingw32/nios2-elf/lib/mno-hw-mul\libstdc++.a
LOAD c:/intelfpga/17.1/nios2eds/bin/gnu/h-x86_64-mingw32/bin/../lib/gcc/nios2-elf/5.3.0/../../../../../H-x86_64-mingw32/nios2-elf/lib/mno-hw-mul\libm.a
LOAD c:/intelfpga/17.1/nios2eds/bin/gnu/h-x86_64-mingw32/bin/../lib/gcc/nios2-elf/5.3.0/mno-hw-mul\libgcc.a
START GROUP
LOAD c:/intelfpga/17.1/nios2eds/bin/gnu/h-x86_64-mingw32/bin/../lib/gcc/nios2-elf/5.3.0/../../../../../H-x86_64-mingw32/nios2-elf/lib/mno-hw-mul\libsmallc.a
LOAD c:/intelfpga/17.1/nios2eds/bin/gnu/h-x86_64-mingw32/bin/../lib/gcc/nios2-elf/5.3.0/mno-hw-mul\libgcc.a
LOAD ../boardGame_bsp/\libhal_bsp.a
LOAD c:/intelfpga/17.1/nios2eds/bin/gnu/h-x86_64-mingw32/bin/../lib/gcc/nios2-elf/5.3.0/../../../../../H-x86_64-mingw32/nios2-elf/lib/mno-hw-mul\libm.a
END GROUP
LOAD c:/intelfpga/17.1/nios2eds/bin/gnu/h-x86_64-mingw32/bin/../lib/gcc/nios2-elf/5.3.0/mno-hw-mul\libgcc.a
                0x0000000000000000                __alt_mem_onchip_mem = 0x0

.entry          0x0000000000000000       0x20
 *(.entry)
 .entry         0x0000000000000000       0x20 ../boardGame_bsp//obj/HAL/src/crt0.o
                0x0000000000000000                __reset
                0x000000000000000c                _exit

.exceptions     0x0000000000000020        0x0
                0x0000000000000020                PROVIDE (__ram_exceptions_start, ABSOLUTE (.))
                0x0000000000000020                . = ALIGN (0x20)
 *(.irq)
 *(.exceptions.entry.label)
 *(.exceptions.entry.user)
 *(.exceptions.entry.ecc_fatal)
 *(.exceptions.entry)
 *(.exceptions.irqtest.user)
 *(.exceptions.irqtest)
 *(.exceptions.irqhandler.user)
 *(.exceptions.irqhandler)
 *(.exceptions.irqreturn.user)
 *(.exceptions.irqreturn)
 *(.exceptions.notirq.label)
 *(.exceptions.notirq.user)
 *(.exceptions.notirq)
 *(.exceptions.soft.user)
 *(.exceptions.soft)
 *(.exceptions.unknown.user)
 *(.exceptions.unknown)
 *(.exceptions.exit.label)
 *(.exceptions.exit.user)
 *(.exceptions.exit)
 *(.exceptions)
                0x0000000000000020                PROVIDE (__ram_exceptions_end, ABSOLUTE (.))
                0x0000000000000020                PROVIDE (__flash_exceptions_start, LOADADDR (.exceptions))

.text           0x0000000000000020     0x1dec
                [!provide]                        PROVIDE (stext, ABSOLUTE (.))
 *(.interp)
 *(.hash)
 *(.dynsym)
 *(.dynstr)
 *(.gnu.version)
 *(.gnu.version_d)
 *(.gnu.version_r)
 *(.rel.init)
 *(.rela.init)
 *(.rel.text .rel.text.* .rel.gnu.linkonce.t.*)
 *(.rela.text .rela.text.* .rela.gnu.linkonce.t.*)
 *(.rel.fini)
 *(.rela.fini)
 *(.rel.rodata .rel.rodata.* .rel.gnu.linkonce.r.*)
 *(.rela.rodata .rela.rodata.* .rela.gnu.linkonce.r.*)
 *(.rel.data .rel.data.* .rel.gnu.linkonce.d.*)
 *(.rela.data .rela.data.* .rela.gnu.linkonce.d.*)
 *(.rel.tdata .rel.tdata.* .rel.gnu.linkonce.td.*)
 *(.rela.tdata .rela.tdata.* .rela.gnu.linkonce.td.*)
 *(.rel.tbss .rel.tbss.* .rel.gnu.linkonce.tb.*)
 *(.rela.tbss .rela.tbss.* .rela.gnu.linkonce.tb.*)
 *(.rel.ctors)
 *(.rela.ctors)
 *(.rel.dtors)
 *(.rela.dtors)
 *(.rel.got)
 *(.rela.got)
 *(.rel.sdata .rel.sdata.* .rel.gnu.linkonce.s.*)
 *(.rela.sdata .rela.sdata.* .rela.gnu.linkonce.s.*)
 *(.rel.sbss .rel.sbss.* .rel.gnu.linkonce.sb.*)
 *(.rela.sbss .rela.sbss.* .rela.gnu.linkonce.sb.*)
 *(.rel.sdata2 .rel.sdata2.* .rel.gnu.linkonce.s2.*)
 *(.rela.sdata2 .rela.sdata2.* .rela.gnu.linkonce.s2.*)
 *(.rel.sbss2 .rel.sbss2.* .rel.gnu.linkonce.sb2.*)
 *(.rela.sbss2 .rela.sbss2.* .rela.gnu.linkonce.sb2.*)
 *(.rel.bss .rel.bss.* .rel.gnu.linkonce.b.*)
 *(.rela.bss .rela.bss.* .rela.gnu.linkonce.b.*)
 *(.rel.plt)
 *(.rela.plt)
 *(.rel.dyn)
 *(.init)
 *(.plt)
 *(.text .stub .text.* .gnu.linkonce.t.*)
 .text          0x0000000000000020       0x3c ../boardGame_bsp//obj/HAL/src/crt0.o
                0x0000000000000020                _start
 .text          0x000000000000005c        0x0 obj/default/main.o
 .text.startup  0x000000000000005c      0x230 obj/default/main.o
                0x000000000000005c                main
 .text          0x000000000000028c      0x500 obj/default/reversInit.o
                0x000000000000028c                reverInit
                0x00000000000002d0                checkLineMatch
                0x000000000000032c                validMove
                0x000000000000037c                calculateValidMoves
                0x0000000000000544                flipLine
                0x00000000000005c0                flipBoard
                0x00000000000006a0                checkReversiOver
 .text          0x000000000000078c      0x6b0 obj/default/ticInit.o
                0x000000000000078c                ticInit
                0x0000000000000800                drawTicBoard
                0x0000000000000964                changeTicPlayer
                0x000000000000099c                ticCheckWin
                0x0000000000000b88                ticCheckOver
                0x0000000000000bdc                stupid
                0x0000000000000c40                receive
                0x0000000000000c74                send
                0x0000000000000d18                ticUpdate
 .text          0x0000000000000e3c      0x1b4 c:/intelfpga/17.1/nios2eds/bin/gnu/h-x86_64-mingw32/bin/../lib/gcc/nios2-elf/5.3.0/mno-hw-mul\libgcc.a(lib2-divmod.o)
                0x0000000000000e3c                __divsi3
                0x0000000000000ec0                __modsi3
                0x0000000000000f34                __udivsi3
                0x0000000000000f98                __umodsi3
 .text          0x0000000000000ff0       0x28 c:/intelfpga/17.1/nios2eds/bin/gnu/h-x86_64-mingw32/bin/../lib/gcc/nios2-elf/5.3.0/mno-hw-mul\libgcc.a(lib2-mul.o)
                0x0000000000000ff0                __mulsi3
 .text          0x0000000000001018        0x0 c:/intelfpga/17.1/nios2eds/bin/gnu/h-x86_64-mingw32/bin/../lib/gcc/nios2-elf/5.3.0/../../../../../H-x86_64-mingw32/nios2-elf/lib/mno-hw-mul\libsmallc.a(lib_a-itoa.o)
 .text.__itoa   0x0000000000001018       0x68 c:/intelfpga/17.1/nios2eds/bin/gnu/h-x86_64-mingw32/bin/../lib/gcc/nios2-elf/5.3.0/../../../../../H-x86_64-mingw32/nios2-elf/lib/mno-hw-mul\libsmallc.a(lib_a-itoa.o)
                0x0000000000001018                __itoa
 .text.itoa     0x0000000000001080        0x4 c:/intelfpga/17.1/nios2eds/bin/gnu/h-x86_64-mingw32/bin/../lib/gcc/nios2-elf/5.3.0/../../../../../H-x86_64-mingw32/nios2-elf/lib/mno-hw-mul\libsmallc.a(lib_a-itoa.o)
                0x0000000000001080                itoa
 .text          0x0000000000001084        0x0 c:/intelfpga/17.1/nios2eds/bin/gnu/h-x86_64-mingw32/bin/../lib/gcc/nios2-elf/5.3.0/../../../../../H-x86_64-mingw32/nios2-elf/lib/mno-hw-mul\libsmallc.a(lib_a-printf.o)
 .text._printf_r
                0x0000000000001084       0x3c c:/intelfpga/17.1/nios2eds/bin/gnu/h-x86_64-mingw32/bin/../lib/gcc/nios2-elf/5.3.0/../../../../../H-x86_64-mingw32/nios2-elf/lib/mno-hw-mul\libsmallc.a(lib_a-printf.o)
                0x0000000000001084                _printf_r
 .text.printf   0x00000000000010c0       0x4c c:/intelfpga/17.1/nios2eds/bin/gnu/h-x86_64-mingw32/bin/../lib/gcc/nios2-elf/5.3.0/../../../../../H-x86_64-mingw32/nios2-elf/lib/mno-hw-mul\libsmallc.a(lib_a-printf.o)
                0x00000000000010c0                printf
 .text          0x000000000000110c        0x0 c:/intelfpga/17.1/nios2eds/bin/gnu/h-x86_64-mingw32/bin/../lib/gcc/nios2-elf/5.3.0/../../../../../H-x86_64-mingw32/nios2-elf/lib/mno-hw-mul\libsmallc.a(lib_a-utoa.o)
 .text.__utoa   0x000000000000110c       0xfc c:/intelfpga/17.1/nios2eds/bin/gnu/h-x86_64-mingw32/bin/../lib/gcc/nios2-elf/5.3.0/../../../../../H-x86_64-mingw32/nios2-elf/lib/mno-hw-mul\libsmallc.a(lib_a-utoa.o)
                0x000000000000110c                __utoa
 .text.utoa     0x0000000000001208        0x4 c:/intelfpga/17.1/nios2eds/bin/gnu/h-x86_64-mingw32/bin/../lib/gcc/nios2-elf/5.3.0/../../../../../H-x86_64-mingw32/nios2-elf/lib/mno-hw-mul\libsmallc.a(lib_a-utoa.o)
                0x0000000000001208                utoa
 .text          0x000000000000120c        0x0 c:/intelfpga/17.1/nios2eds/bin/gnu/h-x86_64-mingw32/bin/../lib/gcc/nios2-elf/5.3.0/../../../../../H-x86_64-mingw32/nios2-elf/lib/mno-hw-mul\libsmallc.a(lib_a-vfprintf.o)
 .text.print_repeat
                0x000000000000120c       0x6c c:/intelfpga/17.1/nios2eds/bin/gnu/h-x86_64-mingw32/bin/../lib/gcc/nios2-elf/5.3.0/../../../../../H-x86_64-mingw32/nios2-elf/lib/mno-hw-mul\libsmallc.a(lib_a-vfprintf.o)
 .text.___vfprintf_internal_r
                0x0000000000001278      0x52c c:/intelfpga/17.1/nios2eds/bin/gnu/h-x86_64-mingw32/bin/../lib/gcc/nios2-elf/5.3.0/../../../../../H-x86_64-mingw32/nios2-elf/lib/mno-hw-mul\libsmallc.a(lib_a-vfprintf.o)
                0x0000000000001278                ___vfprintf_internal_r
 .text.__vfprintf_internal
                0x00000000000017a4       0x1c c:/intelfpga/17.1/nios2eds/bin/gnu/h-x86_64-mingw32/bin/../lib/gcc/nios2-elf/5.3.0/../../../../../H-x86_64-mingw32/nios2-elf/lib/mno-hw-mul\libsmallc.a(lib_a-vfprintf.o)
                0x00000000000017a4                __vfprintf_internal
 .text          0x00000000000017c0        0x0 c:/intelfpga/17.1/nios2eds/bin/gnu/h-x86_64-mingw32/bin/../lib/gcc/nios2-elf/5.3.0/../../../../../H-x86_64-mingw32/nios2-elf/lib/mno-hw-mul\libsmallc.a(lib_a-fvwrite_small_dev.o)
 .text.__sfvwrite_small_dev
                0x00000000000017c0       0xb8 c:/intelfpga/17.1/nios2eds/bin/gnu/h-x86_64-mingw32/bin/../lib/gcc/nios2-elf/5.3.0/../../../../../H-x86_64-mingw32/nios2-elf/lib/mno-hw-mul\libsmallc.a(lib_a-fvwrite_small_dev.o)
                0x00000000000017c0                __sfvwrite_small_dev
 .text          0x0000000000001878        0x0 c:/intelfpga/17.1/nios2eds/bin/gnu/h-x86_64-mingw32/bin/../lib/gcc/nios2-elf/5.3.0/../../../../../H-x86_64-mingw32/nios2-elf/lib/mno-hw-mul\libsmallc.a(lib_a-impure.o)
 .text          0x0000000000001878        0x0 c:/intelfpga/17.1/nios2eds/bin/gnu/h-x86_64-mingw32/bin/../lib/gcc/nios2-elf/5.3.0/../../../../../H-x86_64-mingw32/nios2-elf/lib/mno-hw-mul\libsmallc.a(lib_a-memcpy.o)
 .text.memcpy   0x0000000000001878       0x28 c:/intelfpga/17.1/nios2eds/bin/gnu/h-x86_64-mingw32/bin/../lib/gcc/nios2-elf/5.3.0/../../../../../H-x86_64-mingw32/nios2-elf/lib/mno-hw-mul\libsmallc.a(lib_a-memcpy.o)
                0x0000000000001878                memcpy
 .text          0x00000000000018a0        0x0 c:/intelfpga/17.1/nios2eds/bin/gnu/h-x86_64-mingw32/bin/../lib/gcc/nios2-elf/5.3.0/../../../../../H-x86_64-mingw32/nios2-elf/lib/mno-hw-mul\libsmallc.a(lib_a-strlen.o)
 .text.strlen   0x00000000000018a0       0x1c c:/intelfpga/17.1/nios2eds/bin/gnu/h-x86_64-mingw32/bin/../lib/gcc/nios2-elf/5.3.0/../../../../../H-x86_64-mingw32/nios2-elf/lib/mno-hw-mul\libsmallc.a(lib_a-strlen.o)
                0x00000000000018a0                strlen
 .text          0x00000000000018bc        0x0 c:/intelfpga/17.1/nios2eds/bin/gnu/h-x86_64-mingw32/bin/../lib/gcc/nios2-elf/5.3.0/../../../../../H-x86_64-mingw32/nios2-elf/lib/mno-hw-mul\libsmallc.a(lib_a-writer.o)
 .text._write_r
                0x00000000000018bc       0x58 c:/intelfpga/17.1/nios2eds/bin/gnu/h-x86_64-mingw32/bin/../lib/gcc/nios2-elf/5.3.0/../../../../../H-x86_64-mingw32/nios2-elf/lib/mno-hw-mul\libsmallc.a(lib_a-writer.o)
                0x00000000000018bc                _write_r
 .text          0x0000000000001914        0x0 c:/intelfpga/17.1/nios2eds/bin/gnu/h-x86_64-mingw32/bin/../lib/gcc/nios2-elf/5.3.0/../../../../../H-x86_64-mingw32/nios2-elf/lib/mno-hw-mul\libsmallc.a(lib_a-int_errno.o)
 .text          0x0000000000001914       0x44 ../boardGame_bsp/\libhal_bsp.a(alt_getchar.o)
                0x0000000000001914                alt_getchar
 .text          0x0000000000001958       0xe0 ../boardGame_bsp/\libhal_bsp.a(alt_load.o)
                0x0000000000001958                alt_load
 .text          0x0000000000001a38       0x2c ../boardGame_bsp/\libhal_bsp.a(alt_main.o)
                0x0000000000001a38                alt_main
 .text          0x0000000000001a64      0x170 ../boardGame_bsp/\libhal_bsp.a(alt_printf.o)
                0x0000000000001a64                alt_printf
 .text          0x0000000000001bd4       0x48 ../boardGame_bsp/\libhal_bsp.a(alt_putchar.o)
                0x0000000000001bd4                alt_putchar
 .text          0x0000000000001c1c       0x38 ../boardGame_bsp/\libhal_bsp.a(alt_putstr.o)
                0x0000000000001c1c                alt_putstr
 .text          0x0000000000001c54        0x4 ../boardGame_bsp/\libhal_bsp.a(alt_usleep.o)
                0x0000000000001c54                usleep
 .text          0x0000000000001c58       0x60 ../boardGame_bsp/\libhal_bsp.a(alt_write.o)
                0x0000000000001c58                write
 .text          0x0000000000001cb8       0x24 ../boardGame_bsp/\libhal_bsp.a(alt_sys_init.o)
                0x0000000000001cb8                alt_irq_init
                0x0000000000001cd8                alt_sys_init
 .text          0x0000000000001cdc       0x5c ../boardGame_bsp/\libhal_bsp.a(altera_avalon_jtag_uart_read.o)
                0x0000000000001cdc                altera_avalon_jtag_uart_read
 .text          0x0000000000001d38       0x34 ../boardGame_bsp/\libhal_bsp.a(altera_avalon_jtag_uart_write.o)
                0x0000000000001d38                altera_avalon_jtag_uart_write
 .text          0x0000000000001d6c       0x88 ../boardGame_bsp/\libhal_bsp.a(alt_busy_sleep.o)
                0x0000000000001d6c                alt_busy_sleep
 .text          0x0000000000001df4        0x4 ../boardGame_bsp/\libhal_bsp.a(alt_dcache_flush_all.o)
                0x0000000000001df4                alt_dcache_flush_all
 .text          0x0000000000001df8        0x8 ../boardGame_bsp/\libhal_bsp.a(alt_dev.o)
 .text          0x0000000000001e00        0x0 ../boardGame_bsp/\libhal_bsp.a(alt_errno.o)
 .text          0x0000000000001e00        0x4 ../boardGame_bsp/\libhal_bsp.a(alt_icache_flush_all.o)
                0x0000000000001e00                alt_icache_flush_all
 .text          0x0000000000001e04        0x8 ../boardGame_bsp/\libhal_bsp.a(altera_nios2_gen2_irq.o)
                0x0000000000001e04                altera_nios2_gen2_irq_init
 *(.gnu.warning.*)
 *(.fini)
                [!provide]                        PROVIDE (__etext, ABSOLUTE (.))
                [!provide]                        PROVIDE (_etext, ABSOLUTE (.))
                [!provide]                        PROVIDE (etext, ABSOLUTE (.))
 *(.eh_frame_hdr)
                0x0000000000001e0c                . = ALIGN (0x4)
                [!provide]                        PROVIDE (__preinit_array_start, ABSOLUTE (.))
 *(.preinit_array)
                [!provide]                        PROVIDE (__preinit_array_end, ABSOLUTE (.))
                [!provide]                        PROVIDE (__init_array_start, ABSOLUTE (.))
 *(.init_array)
                [!provide]                        PROVIDE (__init_array_end, ABSOLUTE (.))
                [!provide]                        PROVIDE (__fini_array_start, ABSOLUTE (.))
 *(.fini_array)
                [!provide]                        PROVIDE (__fini_array_end, ABSOLUTE (.))
 *(.eh_frame)
 *(.gcc_except_table .gcc_except_table.*)
 *(.dynamic)
                [!provide]                        PROVIDE (__CTOR_LIST__, ABSOLUTE (.))
 *(.ctors)
 *(SORT(.ctors.*))
                [!provide]                        PROVIDE (__CTOR_END__, ABSOLUTE (.))
                [!provide]                        PROVIDE (__DTOR_LIST__, ABSOLUTE (.))
 *(.dtors)
 *(SORT(.dtors.*))
                [!provide]                        PROVIDE (__DTOR_END__, ABSOLUTE (.))
 *(.jcr)
                0x0000000000001e0c                . = ALIGN (0x4)

.rodata         0x0000000000001e0c      0x28c
                0x0000000000001e0c                PROVIDE (__ram_rodata_start, ABSOLUTE (.))
                0x0000000000001e0c                . = ALIGN (0x4)
 *(.rodata .rodata.* .gnu.linkonce.r.*)
 .rodata.str1.4
                0x0000000000001e0c      0x13f obj/default/main.o
 *fill*         0x0000000000001f4b        0x1 
 .rodata.str1.4
                0x0000000000001f4c       0x6d obj/default/reversInit.o
 *fill*         0x0000000000001fb9        0x3 
 .rodata.str1.4
                0x0000000000001fbc       0xa7 obj/default/ticInit.o
                                         0xab (size before relaxing)
 *fill*         0x0000000000002063        0x1 
 .rodata.str1.4
                0x0000000000002064       0x25 c:/intelfpga/17.1/nios2eds/bin/gnu/h-x86_64-mingw32/bin/../lib/gcc/nios2-elf/5.3.0/../../../../../H-x86_64-mingw32/nios2-elf/lib/mno-hw-mul\libsmallc.a(lib_a-utoa.o)
 *fill*         0x0000000000002089        0x3 
 .rodata.str1.4
                0x000000000000208c        0xc ../boardGame_bsp/\libhal_bsp.a(alt_dev.o)
                                          0xa (size before relaxing)
 *(.rodata1)
                0x0000000000002098                . = ALIGN (0x4)
                0x0000000000002098                PROVIDE (__ram_rodata_end, ABSOLUTE (.))
                0x0000000000001e0c                PROVIDE (__flash_rodata_start, LOADADDR (.rodata))

.rwdata         0x0000000000002098      0x15c load address 0x00000000000021f4
                0x0000000000002098                PROVIDE (__ram_rwdata_start, ABSOLUTE (.))
                0x0000000000002098                . = ALIGN (0x4)
 *(.got.plt)
 *(.got)
 *(.data1)
 *(.data .data.* .gnu.linkonce.d.*)
 .data          0x0000000000002098        0x0 ../boardGame_bsp//obj/HAL/src/crt0.o
 .data          0x0000000000002098        0x0 obj/default/main.o
 .data          0x0000000000002098        0x0 obj/default/reversInit.o
 .data          0x0000000000002098        0x0 obj/default/ticInit.o
 .data          0x0000000000002098        0x0 c:/intelfpga/17.1/nios2eds/bin/gnu/h-x86_64-mingw32/bin/../lib/gcc/nios2-elf/5.3.0/mno-hw-mul\libgcc.a(lib2-divmod.o)
 .data          0x0000000000002098        0x0 c:/intelfpga/17.1/nios2eds/bin/gnu/h-x86_64-mingw32/bin/../lib/gcc/nios2-elf/5.3.0/mno-hw-mul\libgcc.a(lib2-mul.o)
 .data          0x0000000000002098        0x0 c:/intelfpga/17.1/nios2eds/bin/gnu/h-x86_64-mingw32/bin/../lib/gcc/nios2-elf/5.3.0/../../../../../H-x86_64-mingw32/nios2-elf/lib/mno-hw-mul\libsmallc.a(lib_a-itoa.o)
 .data          0x0000000000002098        0x0 c:/intelfpga/17.1/nios2eds/bin/gnu/h-x86_64-mingw32/bin/../lib/gcc/nios2-elf/5.3.0/../../../../../H-x86_64-mingw32/nios2-elf/lib/mno-hw-mul\libsmallc.a(lib_a-printf.o)
 .data          0x0000000000002098        0x0 c:/intelfpga/17.1/nios2eds/bin/gnu/h-x86_64-mingw32/bin/../lib/gcc/nios2-elf/5.3.0/../../../../../H-x86_64-mingw32/nios2-elf/lib/mno-hw-mul\libsmallc.a(lib_a-utoa.o)
 .data          0x0000000000002098        0x0 c:/intelfpga/17.1/nios2eds/bin/gnu/h-x86_64-mingw32/bin/../lib/gcc/nios2-elf/5.3.0/../../../../../H-x86_64-mingw32/nios2-elf/lib/mno-hw-mul\libsmallc.a(lib_a-vfprintf.o)
 .data          0x0000000000002098        0x0 c:/intelfpga/17.1/nios2eds/bin/gnu/h-x86_64-mingw32/bin/../lib/gcc/nios2-elf/5.3.0/../../../../../H-x86_64-mingw32/nios2-elf/lib/mno-hw-mul\libsmallc.a(lib_a-fvwrite_small_dev.o)
 .data          0x0000000000002098        0x0 c:/intelfpga/17.1/nios2eds/bin/gnu/h-x86_64-mingw32/bin/../lib/gcc/nios2-elf/5.3.0/../../../../../H-x86_64-mingw32/nios2-elf/lib/mno-hw-mul\libsmallc.a(lib_a-impure.o)
 .data.impure_data
                0x0000000000002098       0xe0 c:/intelfpga/17.1/nios2eds/bin/gnu/h-x86_64-mingw32/bin/../lib/gcc/nios2-elf/5.3.0/../../../../../H-x86_64-mingw32/nios2-elf/lib/mno-hw-mul\libsmallc.a(lib_a-impure.o)
 .data          0x0000000000002178        0x0 c:/intelfpga/17.1/nios2eds/bin/gnu/h-x86_64-mingw32/bin/../lib/gcc/nios2-elf/5.3.0/../../../../../H-x86_64-mingw32/nios2-elf/lib/mno-hw-mul\libsmallc.a(lib_a-memcpy.o)
 .data          0x0000000000002178        0x0 c:/intelfpga/17.1/nios2eds/bin/gnu/h-x86_64-mingw32/bin/../lib/gcc/nios2-elf/5.3.0/../../../../../H-x86_64-mingw32/nios2-elf/lib/mno-hw-mul\libsmallc.a(lib_a-strlen.o)
 .data          0x0000000000002178        0x0 c:/intelfpga/17.1/nios2eds/bin/gnu/h-x86_64-mingw32/bin/../lib/gcc/nios2-elf/5.3.0/../../../../../H-x86_64-mingw32/nios2-elf/lib/mno-hw-mul\libsmallc.a(lib_a-writer.o)
 .data          0x0000000000002178        0x0 c:/intelfpga/17.1/nios2eds/bin/gnu/h-x86_64-mingw32/bin/../lib/gcc/nios2-elf/5.3.0/../../../../../H-x86_64-mingw32/nios2-elf/lib/mno-hw-mul\libsmallc.a(lib_a-int_errno.o)
 .data          0x0000000000002178        0x0 ../boardGame_bsp/\libhal_bsp.a(alt_getchar.o)
 .data          0x0000000000002178        0x0 ../boardGame_bsp/\libhal_bsp.a(alt_load.o)
 .data          0x0000000000002178        0x0 ../boardGame_bsp/\libhal_bsp.a(alt_main.o)
 .data          0x0000000000002178        0x0 ../boardGame_bsp/\libhal_bsp.a(alt_printf.o)
 .data          0x0000000000002178        0x0 ../boardGame_bsp/\libhal_bsp.a(alt_putchar.o)
 .data          0x0000000000002178        0x0 ../boardGame_bsp/\libhal_bsp.a(alt_putstr.o)
 .data          0x0000000000002178        0x0 ../boardGame_bsp/\libhal_bsp.a(alt_usleep.o)
 .data          0x0000000000002178        0x0 ../boardGame_bsp/\libhal_bsp.a(alt_write.o)
 .data          0x0000000000002178        0x0 ../boardGame_bsp/\libhal_bsp.a(alt_sys_init.o)
 .data          0x0000000000002178        0x0 ../boardGame_bsp/\libhal_bsp.a(altera_avalon_jtag_uart_read.o)
 .data          0x0000000000002178        0x0 ../boardGame_bsp/\libhal_bsp.a(altera_avalon_jtag_uart_write.o)
 .data          0x0000000000002178        0x0 ../boardGame_bsp/\libhal_bsp.a(alt_busy_sleep.o)
 .data          0x0000000000002178        0x0 ../boardGame_bsp/\libhal_bsp.a(alt_dcache_flush_all.o)
 .data          0x0000000000002178       0x58 ../boardGame_bsp/\libhal_bsp.a(alt_dev.o)
                0x0000000000002178                alt_fd_list
                0x00000000000021a8                alt_dev_null
 .data          0x00000000000021d0        0x0 ../boardGame_bsp/\libhal_bsp.a(alt_errno.o)
 .data          0x00000000000021d0        0x0 ../boardGame_bsp/\libhal_bsp.a(alt_icache_flush_all.o)
 .data          0x00000000000021d0        0x0 ../boardGame_bsp/\libhal_bsp.a(altera_nios2_gen2_irq.o)
                0x000000000000a1d0                _gp = ABSOLUTE ((. + 0x8000))
                [!provide]                        PROVIDE (gp, _gp)
 *(.rwdata .rwdata.*)
 *(.sdata .sdata.* .gnu.linkonce.s.*)
 .sdata._global_impure_ptr
                0x00000000000021d0        0x4 c:/intelfpga/17.1/nios2eds/bin/gnu/h-x86_64-mingw32/bin/../lib/gcc/nios2-elf/5.3.0/../../../../../H-x86_64-mingw32/nios2-elf/lib/mno-hw-mul\libsmallc.a(lib_a-impure.o)
                0x00000000000021d0                _global_impure_ptr
 .sdata._impure_ptr
                0x00000000000021d4        0x4 c:/intelfpga/17.1/nios2eds/bin/gnu/h-x86_64-mingw32/bin/../lib/gcc/nios2-elf/5.3.0/../../../../../H-x86_64-mingw32/nios2-elf/lib/mno-hw-mul\libsmallc.a(lib_a-impure.o)
                0x00000000000021d4                _impure_ptr
 .sdata         0x00000000000021d8        0x4 ../boardGame_bsp/\libhal_bsp.a(alt_sys_init.o)
                0x00000000000021d8                jtag_uart
 .sdata         0x00000000000021dc       0x14 ../boardGame_bsp/\libhal_bsp.a(alt_dev.o)
                0x00000000000021dc                alt_max_fd
                0x00000000000021e0                alt_dev_list
                0x00000000000021e8                alt_fs_list
 .sdata         0x00000000000021f0        0x4 ../boardGame_bsp/\libhal_bsp.a(alt_errno.o)
                0x00000000000021f0                alt_errno
 *(.sdata2 .sdata2.* .gnu.linkonce.s2.*)
                0x00000000000021f4                . = ALIGN (0x4)
                0x00000000000021f4                _edata = ABSOLUTE (.)
                [!provide]                        PROVIDE (edata, ABSOLUTE (.))
                0x00000000000021f4                PROVIDE (__ram_rwdata_end, ABSOLUTE (.))
                0x00000000000021f4                PROVIDE (__flash_rwdata_start, LOADADDR (.rwdata))

.bss            0x0000000000002350       0x9c
                0x0000000000002350                __bss_start = ABSOLUTE (.)
                [!provide]                        PROVIDE (__sbss_start, ABSOLUTE (.))
                [!provide]                        PROVIDE (___sbss_start, ABSOLUTE (.))
 *(.dynsbss)
 *(.sbss .sbss.* .gnu.linkonce.sb.*)
 .sbss          0x0000000000002350       0x38 obj/default/main.o
                0x0000000000002350                winNumber
                0x0000000000002354                player1Win
                0x0000000000002358                me
                0x000000000000235c                who
                0x0000000000002360                gameCapacity
                0x0000000000002364                totalValidMoves
                0x0000000000002368                gameChoice
                0x000000000000236c                isWin
                0x0000000000002370                other
                0x0000000000002374                player2Win
                0x0000000000002378                biggest
                0x000000000000237c                reversiOver
                0x0000000000002380                currentPlayer
                0x0000000000002384                isOver
 .sbss          0x0000000000002388        0x4 c:/intelfpga/17.1/nios2eds/bin/gnu/h-x86_64-mingw32/bin/../lib/gcc/nios2-elf/5.3.0/../../../../../H-x86_64-mingw32/nios2-elf/lib/mno-hw-mul\libsmallc.a(lib_a-int_errno.o)
                0x0000000000002388                errno
 .sbss          0x000000000000238c        0xc ../boardGame_bsp/\libhal_bsp.a(alt_main.o)
                0x000000000000238c                alt_envp
                0x0000000000002390                alt_argv
                0x0000000000002394                alt_argc
 *(.sbss2 .sbss2.* .gnu.linkonce.sb2.*)
 *(.scommon)
                [!provide]                        PROVIDE (__sbss_end, ABSOLUTE (.))
                [!provide]                        PROVIDE (___sbss_end, ABSOLUTE (.))
 *(.dynbss)
 *(.bss .bss.* .gnu.linkonce.b.*)
 .bss           0x0000000000002398        0x0 ../boardGame_bsp//obj/HAL/src/crt0.o
 .bss           0x0000000000002398        0x0 obj/default/main.o
 .bss           0x0000000000002398        0x0 obj/default/reversInit.o
 .bss           0x0000000000002398        0x0 obj/default/ticInit.o
 .bss           0x0000000000002398        0x0 c:/intelfpga/17.1/nios2eds/bin/gnu/h-x86_64-mingw32/bin/../lib/gcc/nios2-elf/5.3.0/mno-hw-mul\libgcc.a(lib2-divmod.o)
 .bss           0x0000000000002398        0x0 c:/intelfpga/17.1/nios2eds/bin/gnu/h-x86_64-mingw32/bin/../lib/gcc/nios2-elf/5.3.0/mno-hw-mul\libgcc.a(lib2-mul.o)
 .bss           0x0000000000002398        0x0 c:/intelfpga/17.1/nios2eds/bin/gnu/h-x86_64-mingw32/bin/../lib/gcc/nios2-elf/5.3.0/../../../../../H-x86_64-mingw32/nios2-elf/lib/mno-hw-mul\libsmallc.a(lib_a-itoa.o)
 .bss           0x0000000000002398        0x0 c:/intelfpga/17.1/nios2eds/bin/gnu/h-x86_64-mingw32/bin/../lib/gcc/nios2-elf/5.3.0/../../../../../H-x86_64-mingw32/nios2-elf/lib/mno-hw-mul\libsmallc.a(lib_a-printf.o)
 .bss           0x0000000000002398        0x0 c:/intelfpga/17.1/nios2eds/bin/gnu/h-x86_64-mingw32/bin/../lib/gcc/nios2-elf/5.3.0/../../../../../H-x86_64-mingw32/nios2-elf/lib/mno-hw-mul\libsmallc.a(lib_a-utoa.o)
 .bss           0x0000000000002398        0x0 c:/intelfpga/17.1/nios2eds/bin/gnu/h-x86_64-mingw32/bin/../lib/gcc/nios2-elf/5.3.0/../../../../../H-x86_64-mingw32/nios2-elf/lib/mno-hw-mul\libsmallc.a(lib_a-vfprintf.o)
 .bss           0x0000000000002398        0x0 c:/intelfpga/17.1/nios2eds/bin/gnu/h-x86_64-mingw32/bin/../lib/gcc/nios2-elf/5.3.0/../../../../../H-x86_64-mingw32/nios2-elf/lib/mno-hw-mul\libsmallc.a(lib_a-fvwrite_small_dev.o)
 .bss           0x0000000000002398        0x0 c:/intelfpga/17.1/nios2eds/bin/gnu/h-x86_64-mingw32/bin/../lib/gcc/nios2-elf/5.3.0/../../../../../H-x86_64-mingw32/nios2-elf/lib/mno-hw-mul\libsmallc.a(lib_a-impure.o)
 .bss           0x0000000000002398        0x0 c:/intelfpga/17.1/nios2eds/bin/gnu/h-x86_64-mingw32/bin/../lib/gcc/nios2-elf/5.3.0/../../../../../H-x86_64-mingw32/nios2-elf/lib/mno-hw-mul\libsmallc.a(lib_a-memcpy.o)
 .bss           0x0000000000002398        0x0 c:/intelfpga/17.1/nios2eds/bin/gnu/h-x86_64-mingw32/bin/../lib/gcc/nios2-elf/5.3.0/../../../../../H-x86_64-mingw32/nios2-elf/lib/mno-hw-mul\libsmallc.a(lib_a-strlen.o)
 .bss           0x0000000000002398        0x0 c:/intelfpga/17.1/nios2eds/bin/gnu/h-x86_64-mingw32/bin/../lib/gcc/nios2-elf/5.3.0/../../../../../H-x86_64-mingw32/nios2-elf/lib/mno-hw-mul\libsmallc.a(lib_a-writer.o)
 .bss           0x0000000000002398        0x0 c:/intelfpga/17.1/nios2eds/bin/gnu/h-x86_64-mingw32/bin/../lib/gcc/nios2-elf/5.3.0/../../../../../H-x86_64-mingw32/nios2-elf/lib/mno-hw-mul\libsmallc.a(lib_a-int_errno.o)
 .bss           0x0000000000002398        0x0 ../boardGame_bsp/\libhal_bsp.a(alt_getchar.o)
 .bss           0x0000000000002398        0x0 ../boardGame_bsp/\libhal_bsp.a(alt_load.o)
 .bss           0x0000000000002398        0x0 ../boardGame_bsp/\libhal_bsp.a(alt_main.o)
 .bss           0x0000000000002398        0x0 ../boardGame_bsp/\libhal_bsp.a(alt_printf.o)
 .bss           0x0000000000002398        0x0 ../boardGame_bsp/\libhal_bsp.a(alt_putchar.o)
 .bss           0x0000000000002398        0x0 ../boardGame_bsp/\libhal_bsp.a(alt_putstr.o)
 .bss           0x0000000000002398        0x0 ../boardGame_bsp/\libhal_bsp.a(alt_usleep.o)
 .bss           0x0000000000002398        0x0 ../boardGame_bsp/\libhal_bsp.a(alt_write.o)
 .bss           0x0000000000002398        0x0 ../boardGame_bsp/\libhal_bsp.a(alt_sys_init.o)
 .bss           0x0000000000002398        0x0 ../boardGame_bsp/\libhal_bsp.a(altera_avalon_jtag_uart_read.o)
 .bss           0x0000000000002398        0x0 ../boardGame_bsp/\libhal_bsp.a(altera_avalon_jtag_uart_write.o)
 .bss           0x0000000000002398        0x0 ../boardGame_bsp/\libhal_bsp.a(alt_busy_sleep.o)
 .bss           0x0000000000002398        0x0 ../boardGame_bsp/\libhal_bsp.a(alt_dcache_flush_all.o)
 .bss           0x0000000000002398        0x0 ../boardGame_bsp/\libhal_bsp.a(alt_dev.o)
 .bss           0x0000000000002398        0x0 ../boardGame_bsp/\libhal_bsp.a(alt_errno.o)
 .bss           0x0000000000002398        0x0 ../boardGame_bsp/\libhal_bsp.a(alt_icache_flush_all.o)
 .bss           0x0000000000002398        0x0 ../boardGame_bsp/\libhal_bsp.a(altera_nios2_gen2_irq.o)
 *(COMMON)
 COMMON         0x0000000000002398       0x54 obj/default/main.o
                0x0000000000002398                ticBoard
                0x00000000000023d8                buffer
                0x00000000000023ec                . = ALIGN (0x4)
                0x00000000000023ec                __bss_end = ABSOLUTE (.)

.onchip_mem     0x00000000000023ec        0x0
                [!provide]                        PROVIDE (_alt_partition_onchip_mem_start, ABSOLUTE (.))
 *(.onchip_mem .onchip_mem. onchip_mem.*)
                0x00000000000023ec                . = ALIGN (0x4)
                [!provide]                        PROVIDE (_alt_partition_onchip_mem_end, ABSOLUTE (.))
                0x00000000000023ec                _end = ABSOLUTE (.)
                0x00000000000023ec                end = ABSOLUTE (.)
                0x00000000000023ec                __alt_stack_base = ABSOLUTE (.)
                [!provide]                        PROVIDE (_alt_partition_onchip_mem_load_addr, LOADADDR (.onchip_mem))

.stab
 *(.stab)

.stabstr
 *(.stabstr)

.stab.excl
 *(.stab.excl)

.stab.exclstr
 *(.stab.exclstr)

.stab.index
 *(.stab.index)

.stab.indexstr
 *(.stab.indexstr)

.comment        0x0000000000000000       0x23
 *(.comment)
 .comment       0x0000000000000000       0x23 obj/default/main.o
                                         0x24 (size before relaxing)
 .comment       0x0000000000000023       0x24 obj/default/reversInit.o
 .comment       0x0000000000000023       0x24 obj/default/ticInit.o
 .comment       0x0000000000000023       0x24 c:/intelfpga/17.1/nios2eds/bin/gnu/h-x86_64-mingw32/bin/../lib/gcc/nios2-elf/5.3.0/mno-hw-mul\libgcc.a(lib2-divmod.o)
 .comment       0x0000000000000023       0x24 c:/intelfpga/17.1/nios2eds/bin/gnu/h-x86_64-mingw32/bin/../lib/gcc/nios2-elf/5.3.0/mno-hw-mul\libgcc.a(lib2-mul.o)
 .comment       0x0000000000000023       0x24 c:/intelfpga/17.1/nios2eds/bin/gnu/h-x86_64-mingw32/bin/../lib/gcc/nios2-elf/5.3.0/../../../../../H-x86_64-mingw32/nios2-elf/lib/mno-hw-mul\libsmallc.a(lib_a-itoa.o)
 .comment       0x0000000000000023       0x24 c:/intelfpga/17.1/nios2eds/bin/gnu/h-x86_64-mingw32/bin/../lib/gcc/nios2-elf/5.3.0/../../../../../H-x86_64-mingw32/nios2-elf/lib/mno-hw-mul\libsmallc.a(lib_a-printf.o)
 .comment       0x0000000000000023       0x24 c:/intelfpga/17.1/nios2eds/bin/gnu/h-x86_64-mingw32/bin/../lib/gcc/nios2-elf/5.3.0/../../../../../H-x86_64-mingw32/nios2-elf/lib/mno-hw-mul\libsmallc.a(lib_a-utoa.o)
 .comment       0x0000000000000023       0x24 c:/intelfpga/17.1/nios2eds/bin/gnu/h-x86_64-mingw32/bin/../lib/gcc/nios2-elf/5.3.0/../../../../../H-x86_64-mingw32/nios2-elf/lib/mno-hw-mul\libsmallc.a(lib_a-vfprintf.o)
 .comment       0x0000000000000023       0x24 c:/intelfpga/17.1/nios2eds/bin/gnu/h-x86_64-mingw32/bin/../lib/gcc/nios2-elf/5.3.0/../../../../../H-x86_64-mingw32/nios2-elf/lib/mno-hw-mul\libsmallc.a(lib_a-fvwrite_small_dev.o)
 .comment       0x0000000000000023       0x24 c:/intelfpga/17.1/nios2eds/bin/gnu/h-x86_64-mingw32/bin/../lib/gcc/nios2-elf/5.3.0/../../../../../H-x86_64-mingw32/nios2-elf/lib/mno-hw-mul\libsmallc.a(lib_a-impure.o)
 .comment       0x0000000000000023       0x24 c:/intelfpga/17.1/nios2eds/bin/gnu/h-x86_64-mingw32/bin/../lib/gcc/nios2-elf/5.3.0/../../../../../H-x86_64-mingw32/nios2-elf/lib/mno-hw-mul\libsmallc.a(lib_a-memcpy.o)
 .comment       0x0000000000000023       0x24 c:/intelfpga/17.1/nios2eds/bin/gnu/h-x86_64-mingw32/bin/../lib/gcc/nios2-elf/5.3.0/../../../../../H-x86_64-mingw32/nios2-elf/lib/mno-hw-mul\libsmallc.a(lib_a-strlen.o)
 .comment       0x0000000000000023       0x24 c:/intelfpga/17.1/nios2eds/bin/gnu/h-x86_64-mingw32/bin/../lib/gcc/nios2-elf/5.3.0/../../../../../H-x86_64-mingw32/nios2-elf/lib/mno-hw-mul\libsmallc.a(lib_a-writer.o)
 .comment       0x0000000000000023       0x24 c:/intelfpga/17.1/nios2eds/bin/gnu/h-x86_64-mingw32/bin/../lib/gcc/nios2-elf/5.3.0/../../../../../H-x86_64-mingw32/nios2-elf/lib/mno-hw-mul\libsmallc.a(lib_a-int_errno.o)
 .comment       0x0000000000000023       0x24 ../boardGame_bsp/\libhal_bsp.a(alt_getchar.o)
 .comment       0x0000000000000023       0x24 ../boardGame_bsp/\libhal_bsp.a(alt_load.o)
 .comment       0x0000000000000023       0x24 ../boardGame_bsp/\libhal_bsp.a(alt_main.o)
 .comment       0x0000000000000023       0x24 ../boardGame_bsp/\libhal_bsp.a(alt_printf.o)
 .comment       0x0000000000000023       0x24 ../boardGame_bsp/\libhal_bsp.a(alt_putchar.o)
 .comment       0x0000000000000023       0x24 ../boardGame_bsp/\libhal_bsp.a(alt_putstr.o)
 .comment       0x0000000000000023       0x24 ../boardGame_bsp/\libhal_bsp.a(alt_usleep.o)
 .comment       0x0000000000000023       0x24 ../boardGame_bsp/\libhal_bsp.a(alt_write.o)
 .comment       0x0000000000000023       0x24 ../boardGame_bsp/\libhal_bsp.a(alt_sys_init.o)
 .comment       0x0000000000000023       0x24 ../boardGame_bsp/\libhal_bsp.a(altera_avalon_jtag_uart_read.o)
 .comment       0x0000000000000023       0x24 ../boardGame_bsp/\libhal_bsp.a(altera_avalon_jtag_uart_write.o)
 .comment       0x0000000000000023       0x24 ../boardGame_bsp/\libhal_bsp.a(alt_busy_sleep.o)
 .comment       0x0000000000000023       0x24 ../boardGame_bsp/\libhal_bsp.a(alt_dcache_flush_all.o)
 .comment       0x0000000000000023       0x24 ../boardGame_bsp/\libhal_bsp.a(alt_dev.o)
 .comment       0x0000000000000023       0x24 ../boardGame_bsp/\libhal_bsp.a(alt_errno.o)
 .comment       0x0000000000000023       0x24 ../boardGame_bsp/\libhal_bsp.a(alt_icache_flush_all.o)
 .comment       0x0000000000000023       0x24 ../boardGame_bsp/\libhal_bsp.a(altera_nios2_gen2_irq.o)

.debug
 *(.debug)

.line
 *(.line)

.debug_srcinfo
 *(.debug_srcinfo)

.debug_sfnames
 *(.debug_sfnames)

.debug_aranges  0x0000000000000000      0x438
 *(.debug_aranges)
 .debug_aranges
                0x0000000000000000       0x28 ../boardGame_bsp//obj/HAL/src/crt0.o
 .debug_aranges
                0x0000000000000028       0x20 obj/default/main.o
 .debug_aranges
                0x0000000000000048       0x20 obj/default/reversInit.o
 .debug_aranges
                0x0000000000000068       0x20 obj/default/ticInit.o
 .debug_aranges
                0x0000000000000088       0x20 c:/intelfpga/17.1/nios2eds/bin/gnu/h-x86_64-mingw32/bin/../lib/gcc/nios2-elf/5.3.0/mno-hw-mul\libgcc.a(lib2-divmod.o)
 .debug_aranges
                0x00000000000000a8       0x20 c:/intelfpga/17.1/nios2eds/bin/gnu/h-x86_64-mingw32/bin/../lib/gcc/nios2-elf/5.3.0/mno-hw-mul\libgcc.a(lib2-mul.o)
 .debug_aranges
                0x00000000000000c8       0x28 c:/intelfpga/17.1/nios2eds/bin/gnu/h-x86_64-mingw32/bin/../lib/gcc/nios2-elf/5.3.0/../../../../../H-x86_64-mingw32/nios2-elf/lib/mno-hw-mul\libsmallc.a(lib_a-itoa.o)
 .debug_aranges
                0x00000000000000f0       0x28 c:/intelfpga/17.1/nios2eds/bin/gnu/h-x86_64-mingw32/bin/../lib/gcc/nios2-elf/5.3.0/../../../../../H-x86_64-mingw32/nios2-elf/lib/mno-hw-mul\libsmallc.a(lib_a-printf.o)
 .debug_aranges
                0x0000000000000118       0x28 c:/intelfpga/17.1/nios2eds/bin/gnu/h-x86_64-mingw32/bin/../lib/gcc/nios2-elf/5.3.0/../../../../../H-x86_64-mingw32/nios2-elf/lib/mno-hw-mul\libsmallc.a(lib_a-utoa.o)
 .debug_aranges
                0x0000000000000140       0x30 c:/intelfpga/17.1/nios2eds/bin/gnu/h-x86_64-mingw32/bin/../lib/gcc/nios2-elf/5.3.0/../../../../../H-x86_64-mingw32/nios2-elf/lib/mno-hw-mul\libsmallc.a(lib_a-vfprintf.o)
 .debug_aranges
                0x0000000000000170       0x20 c:/intelfpga/17.1/nios2eds/bin/gnu/h-x86_64-mingw32/bin/../lib/gcc/nios2-elf/5.3.0/../../../../../H-x86_64-mingw32/nios2-elf/lib/mno-hw-mul\libsmallc.a(lib_a-fvwrite_small_dev.o)
 .debug_aranges
                0x0000000000000190       0x18 c:/intelfpga/17.1/nios2eds/bin/gnu/h-x86_64-mingw32/bin/../lib/gcc/nios2-elf/5.3.0/../../../../../H-x86_64-mingw32/nios2-elf/lib/mno-hw-mul\libsmallc.a(lib_a-impure.o)
 .debug_aranges
                0x00000000000001a8       0x20 c:/intelfpga/17.1/nios2eds/bin/gnu/h-x86_64-mingw32/bin/../lib/gcc/nios2-elf/5.3.0/../../../../../H-x86_64-mingw32/nios2-elf/lib/mno-hw-mul\libsmallc.a(lib_a-memcpy.o)
 .debug_aranges
                0x00000000000001c8       0x20 c:/intelfpga/17.1/nios2eds/bin/gnu/h-x86_64-mingw32/bin/../lib/gcc/nios2-elf/5.3.0/../../../../../H-x86_64-mingw32/nios2-elf/lib/mno-hw-mul\libsmallc.a(lib_a-strlen.o)
 .debug_aranges
                0x00000000000001e8       0x20 c:/intelfpga/17.1/nios2eds/bin/gnu/h-x86_64-mingw32/bin/../lib/gcc/nios2-elf/5.3.0/../../../../../H-x86_64-mingw32/nios2-elf/lib/mno-hw-mul\libsmallc.a(lib_a-writer.o)
 .debug_aranges
                0x0000000000000208       0x18 c:/intelfpga/17.1/nios2eds/bin/gnu/h-x86_64-mingw32/bin/../lib/gcc/nios2-elf/5.3.0/../../../../../H-x86_64-mingw32/nios2-elf/lib/mno-hw-mul\libsmallc.a(lib_a-int_errno.o)
 .debug_aranges
                0x0000000000000220       0x20 ../boardGame_bsp/\libhal_bsp.a(alt_getchar.o)
 .debug_aranges
                0x0000000000000240       0x20 ../boardGame_bsp/\libhal_bsp.a(alt_load.o)
 .debug_aranges
                0x0000000000000260       0x20 ../boardGame_bsp/\libhal_bsp.a(alt_main.o)
 .debug_aranges
                0x0000000000000280       0x20 ../boardGame_bsp/\libhal_bsp.a(alt_printf.o)
 .debug_aranges
                0x00000000000002a0       0x20 ../boardGame_bsp/\libhal_bsp.a(alt_putchar.o)
 .debug_aranges
                0x00000000000002c0       0x20 ../boardGame_bsp/\libhal_bsp.a(alt_putstr.o)
 .debug_aranges
                0x00000000000002e0       0x20 ../boardGame_bsp/\libhal_bsp.a(alt_usleep.o)
 .debug_aranges
                0x0000000000000300       0x20 ../boardGame_bsp/\libhal_bsp.a(alt_write.o)
 .debug_aranges
                0x0000000000000320       0x20 ../boardGame_bsp/\libhal_bsp.a(alt_sys_init.o)
 .debug_aranges
                0x0000000000000340       0x20 ../boardGame_bsp/\libhal_bsp.a(altera_avalon_jtag_uart_read.o)
 .debug_aranges
                0x0000000000000360       0x20 ../boardGame_bsp/\libhal_bsp.a(altera_avalon_jtag_uart_write.o)
 .debug_aranges
                0x0000000000000380       0x20 ../boardGame_bsp/\libhal_bsp.a(alt_busy_sleep.o)
 .debug_aranges
                0x00000000000003a0       0x20 ../boardGame_bsp/\libhal_bsp.a(alt_dcache_flush_all.o)
 .debug_aranges
                0x00000000000003c0       0x20 ../boardGame_bsp/\libhal_bsp.a(alt_dev.o)
 .debug_aranges
                0x00000000000003e0       0x18 ../boardGame_bsp/\libhal_bsp.a(alt_errno.o)
 .debug_aranges
                0x00000000000003f8       0x20 ../boardGame_bsp/\libhal_bsp.a(alt_icache_flush_all.o)
 .debug_aranges
                0x0000000000000418       0x20 ../boardGame_bsp/\libhal_bsp.a(altera_nios2_gen2_irq.o)

.debug_pubnames
 *(.debug_pubnames)

.debug_info     0x0000000000000000     0x594f
 *(.debug_info .gnu.linkonce.wi.*)
 .debug_info    0x0000000000000000       0x68 ../boardGame_bsp//obj/HAL/src/crt0.o
 .debug_info    0x0000000000000068      0x3c6 obj/default/main.o
 .debug_info    0x000000000000042e      0x7a9 obj/default/reversInit.o
 .debug_info    0x0000000000000bd7      0x76b obj/default/ticInit.o
 .debug_info    0x0000000000001342      0x2c6 c:/intelfpga/17.1/nios2eds/bin/gnu/h-x86_64-mingw32/bin/../lib/gcc/nios2-elf/5.3.0/mno-hw-mul\libgcc.a(lib2-divmod.o)
 .debug_info    0x0000000000001608       0xb4 c:/intelfpga/17.1/nios2eds/bin/gnu/h-x86_64-mingw32/bin/../lib/gcc/nios2-elf/5.3.0/mno-hw-mul\libgcc.a(lib2-mul.o)
 .debug_info    0x00000000000016bc      0x164 c:/intelfpga/17.1/nios2eds/bin/gnu/h-x86_64-mingw32/bin/../lib/gcc/nios2-elf/5.3.0/../../../../../H-x86_64-mingw32/nios2-elf/lib/mno-hw-mul\libsmallc.a(lib_a-itoa.o)
 .debug_info    0x0000000000001820      0x699 c:/intelfpga/17.1/nios2eds/bin/gnu/h-x86_64-mingw32/bin/../lib/gcc/nios2-elf/5.3.0/../../../../../H-x86_64-mingw32/nios2-elf/lib/mno-hw-mul\libsmallc.a(lib_a-printf.o)
 .debug_info    0x0000000000001eb9      0x1b6 c:/intelfpga/17.1/nios2eds/bin/gnu/h-x86_64-mingw32/bin/../lib/gcc/nios2-elf/5.3.0/../../../../../H-x86_64-mingw32/nios2-elf/lib/mno-hw-mul\libsmallc.a(lib_a-utoa.o)
 .debug_info    0x000000000000206f      0xb2b c:/intelfpga/17.1/nios2eds/bin/gnu/h-x86_64-mingw32/bin/../lib/gcc/nios2-elf/5.3.0/../../../../../H-x86_64-mingw32/nios2-elf/lib/mno-hw-mul\libsmallc.a(lib_a-vfprintf.o)
 .debug_info    0x0000000000002b9a      0x62b c:/intelfpga/17.1/nios2eds/bin/gnu/h-x86_64-mingw32/bin/../lib/gcc/nios2-elf/5.3.0/../../../../../H-x86_64-mingw32/nios2-elf/lib/mno-hw-mul\libsmallc.a(lib_a-fvwrite_small_dev.o)
 .debug_info    0x00000000000031c5      0x5a9 c:/intelfpga/17.1/nios2eds/bin/gnu/h-x86_64-mingw32/bin/../lib/gcc/nios2-elf/5.3.0/../../../../../H-x86_64-mingw32/nios2-elf/lib/mno-hw-mul\libsmallc.a(lib_a-impure.o)
 .debug_info    0x000000000000376e      0x119 c:/intelfpga/17.1/nios2eds/bin/gnu/h-x86_64-mingw32/bin/../lib/gcc/nios2-elf/5.3.0/../../../../../H-x86_64-mingw32/nios2-elf/lib/mno-hw-mul\libsmallc.a(lib_a-memcpy.o)
 .debug_info    0x0000000000003887       0xc9 c:/intelfpga/17.1/nios2eds/bin/gnu/h-x86_64-mingw32/bin/../lib/gcc/nios2-elf/5.3.0/../../../../../H-x86_64-mingw32/nios2-elf/lib/mno-hw-mul\libsmallc.a(lib_a-strlen.o)
 .debug_info    0x0000000000003950      0x630 c:/intelfpga/17.1/nios2eds/bin/gnu/h-x86_64-mingw32/bin/../lib/gcc/nios2-elf/5.3.0/../../../../../H-x86_64-mingw32/nios2-elf/lib/mno-hw-mul\libsmallc.a(lib_a-writer.o)
 .debug_info    0x0000000000003f80       0x8a c:/intelfpga/17.1/nios2eds/bin/gnu/h-x86_64-mingw32/bin/../lib/gcc/nios2-elf/5.3.0/../../../../../H-x86_64-mingw32/nios2-elf/lib/mno-hw-mul\libsmallc.a(lib_a-int_errno.o)
 .debug_info    0x000000000000400a      0x32d ../boardGame_bsp/\libhal_bsp.a(alt_getchar.o)
 .debug_info    0x0000000000004337      0x1c9 ../boardGame_bsp/\libhal_bsp.a(alt_load.o)
 .debug_info    0x0000000000004500      0x169 ../boardGame_bsp/\libhal_bsp.a(alt_main.o)
 .debug_info    0x0000000000004669      0x14d ../boardGame_bsp/\libhal_bsp.a(alt_printf.o)
 .debug_info    0x00000000000047b6      0x12a ../boardGame_bsp/\libhal_bsp.a(alt_putchar.o)
 .debug_info    0x00000000000048e0      0x13a ../boardGame_bsp/\libhal_bsp.a(alt_putstr.o)
 .debug_info    0x0000000000004a1a       0xd1 ../boardGame_bsp/\libhal_bsp.a(alt_usleep.o)
 .debug_info    0x0000000000004aeb      0x1c7 ../boardGame_bsp/\libhal_bsp.a(alt_write.o)
 .debug_info    0x0000000000004cb2      0x185 ../boardGame_bsp/\libhal_bsp.a(alt_sys_init.o)
 .debug_info    0x0000000000004e37      0x1b4 ../boardGame_bsp/\libhal_bsp.a(altera_avalon_jtag_uart_read.o)
 .debug_info    0x0000000000004feb      0x197 ../boardGame_bsp/\libhal_bsp.a(altera_avalon_jtag_uart_write.o)
 .debug_info    0x0000000000005182       0xd8 ../boardGame_bsp/\libhal_bsp.a(alt_busy_sleep.o)
 .debug_info    0x000000000000525a       0x92 ../boardGame_bsp/\libhal_bsp.a(alt_dcache_flush_all.o)
 .debug_info    0x00000000000052ec      0x499 ../boardGame_bsp/\libhal_bsp.a(alt_dev.o)
 .debug_info    0x0000000000005785       0xa6 ../boardGame_bsp/\libhal_bsp.a(alt_errno.o)
 .debug_info    0x000000000000582b       0x92 ../boardGame_bsp/\libhal_bsp.a(alt_icache_flush_all.o)
 .debug_info    0x00000000000058bd       0x92 ../boardGame_bsp/\libhal_bsp.a(altera_nios2_gen2_irq.o)

.debug_abbrev   0x0000000000000000     0x1e3d
 *(.debug_abbrev)
 .debug_abbrev  0x0000000000000000       0x12 ../boardGame_bsp//obj/HAL/src/crt0.o
 .debug_abbrev  0x0000000000000012       0xbc obj/default/main.o
 .debug_abbrev  0x00000000000000ce      0x192 obj/default/reversInit.o
 .debug_abbrev  0x0000000000000260      0x195 obj/default/ticInit.o
 .debug_abbrev  0x00000000000003f5      0x10e c:/intelfpga/17.1/nios2eds/bin/gnu/h-x86_64-mingw32/bin/../lib/gcc/nios2-elf/5.3.0/mno-hw-mul\libgcc.a(lib2-divmod.o)
 .debug_abbrev  0x0000000000000503       0x6f c:/intelfpga/17.1/nios2eds/bin/gnu/h-x86_64-mingw32/bin/../lib/gcc/nios2-elf/5.3.0/mno-hw-mul\libgcc.a(lib2-mul.o)
 .debug_abbrev  0x0000000000000572       0xc1 c:/intelfpga/17.1/nios2eds/bin/gnu/h-x86_64-mingw32/bin/../lib/gcc/nios2-elf/5.3.0/../../../../../H-x86_64-mingw32/nios2-elf/lib/mno-hw-mul\libsmallc.a(lib_a-itoa.o)
 .debug_abbrev  0x0000000000000633      0x1ee c:/intelfpga/17.1/nios2eds/bin/gnu/h-x86_64-mingw32/bin/../lib/gcc/nios2-elf/5.3.0/../../../../../H-x86_64-mingw32/nios2-elf/lib/mno-hw-mul\libsmallc.a(lib_a-printf.o)
 .debug_abbrev  0x0000000000000821      0x101 c:/intelfpga/17.1/nios2eds/bin/gnu/h-x86_64-mingw32/bin/../lib/gcc/nios2-elf/5.3.0/../../../../../H-x86_64-mingw32/nios2-elf/lib/mno-hw-mul\libsmallc.a(lib_a-utoa.o)
 .debug_abbrev  0x0000000000000922      0x2a1 c:/intelfpga/17.1/nios2eds/bin/gnu/h-x86_64-mingw32/bin/../lib/gcc/nios2-elf/5.3.0/../../../../../H-x86_64-mingw32/nios2-elf/lib/mno-hw-mul\libsmallc.a(lib_a-vfprintf.o)
 .debug_abbrev  0x0000000000000bc3      0x1bc c:/intelfpga/17.1/nios2eds/bin/gnu/h-x86_64-mingw32/bin/../lib/gcc/nios2-elf/5.3.0/../../../../../H-x86_64-mingw32/nios2-elf/lib/mno-hw-mul\libsmallc.a(lib_a-fvwrite_small_dev.o)
 .debug_abbrev  0x0000000000000d7f      0x14a c:/intelfpga/17.1/nios2eds/bin/gnu/h-x86_64-mingw32/bin/../lib/gcc/nios2-elf/5.3.0/../../../../../H-x86_64-mingw32/nios2-elf/lib/mno-hw-mul\libsmallc.a(lib_a-impure.o)
 .debug_abbrev  0x0000000000000ec9       0x9c c:/intelfpga/17.1/nios2eds/bin/gnu/h-x86_64-mingw32/bin/../lib/gcc/nios2-elf/5.3.0/../../../../../H-x86_64-mingw32/nios2-elf/lib/mno-hw-mul\libsmallc.a(lib_a-memcpy.o)
 .debug_abbrev  0x0000000000000f65       0x7f c:/intelfpga/17.1/nios2eds/bin/gnu/h-x86_64-mingw32/bin/../lib/gcc/nios2-elf/5.3.0/../../../../../H-x86_64-mingw32/nios2-elf/lib/mno-hw-mul\libsmallc.a(lib_a-strlen.o)
 .debug_abbrev  0x0000000000000fe4      0x1a6 c:/intelfpga/17.1/nios2eds/bin/gnu/h-x86_64-mingw32/bin/../lib/gcc/nios2-elf/5.3.0/../../../../../H-x86_64-mingw32/nios2-elf/lib/mno-hw-mul\libsmallc.a(lib_a-writer.o)
 .debug_abbrev  0x000000000000118a       0x37 c:/intelfpga/17.1/nios2eds/bin/gnu/h-x86_64-mingw32/bin/../lib/gcc/nios2-elf/5.3.0/../../../../../H-x86_64-mingw32/nios2-elf/lib/mno-hw-mul\libsmallc.a(lib_a-int_errno.o)
 .debug_abbrev  0x00000000000011c1      0x11d ../boardGame_bsp/\libhal_bsp.a(alt_getchar.o)
 .debug_abbrev  0x00000000000012de       0xd8 ../boardGame_bsp/\libhal_bsp.a(alt_load.o)
 .debug_abbrev  0x00000000000013b6       0xee ../boardGame_bsp/\libhal_bsp.a(alt_main.o)
 .debug_abbrev  0x00000000000014a4       0xd5 ../boardGame_bsp/\libhal_bsp.a(alt_printf.o)
 .debug_abbrev  0x0000000000001579       0xd2 ../boardGame_bsp/\libhal_bsp.a(alt_putchar.o)
 .debug_abbrev  0x000000000000164b       0xd3 ../boardGame_bsp/\libhal_bsp.a(alt_putstr.o)
 .debug_abbrev  0x000000000000171e       0x8d ../boardGame_bsp/\libhal_bsp.a(alt_usleep.o)
 .debug_abbrev  0x00000000000017ab      0x12e ../boardGame_bsp/\libhal_bsp.a(alt_write.o)
 .debug_abbrev  0x00000000000018d9      0x107 ../boardGame_bsp/\libhal_bsp.a(alt_sys_init.o)
 .debug_abbrev  0x00000000000019e0      0x102 ../boardGame_bsp/\libhal_bsp.a(altera_avalon_jtag_uart_read.o)
 .debug_abbrev  0x0000000000001ae2       0xd5 ../boardGame_bsp/\libhal_bsp.a(altera_avalon_jtag_uart_write.o)
 .debug_abbrev  0x0000000000001bb7       0x8d ../boardGame_bsp/\libhal_bsp.a(alt_busy_sleep.o)
 .debug_abbrev  0x0000000000001c44       0x42 ../boardGame_bsp/\libhal_bsp.a(alt_dcache_flush_all.o)
 .debug_abbrev  0x0000000000001c86       0xd9 ../boardGame_bsp/\libhal_bsp.a(alt_dev.o)
 .debug_abbrev  0x0000000000001d5f       0x5a ../boardGame_bsp/\libhal_bsp.a(alt_errno.o)
 .debug_abbrev  0x0000000000001db9       0x42 ../boardGame_bsp/\libhal_bsp.a(alt_icache_flush_all.o)
 .debug_abbrev  0x0000000000001dfb       0x42 ../boardGame_bsp/\libhal_bsp.a(altera_nios2_gen2_irq.o)

.debug_line     0x0000000000000000     0x23b0
 *(.debug_line)
 .debug_line    0x0000000000000000       0x66 ../boardGame_bsp//obj/HAL/src/crt0.o
 .debug_line    0x0000000000000066      0x12b obj/default/main.o
 .debug_line    0x0000000000000191      0x1bc obj/default/reversInit.o
 .debug_line    0x000000000000034d      0x2f2 obj/default/ticInit.o
 .debug_line    0x000000000000063f      0x105 c:/intelfpga/17.1/nios2eds/bin/gnu/h-x86_64-mingw32/bin/../lib/gcc/nios2-elf/5.3.0/mno-hw-mul\libgcc.a(lib2-divmod.o)
 .debug_line    0x0000000000000744       0x80 c:/intelfpga/17.1/nios2eds/bin/gnu/h-x86_64-mingw32/bin/../lib/gcc/nios2-elf/5.3.0/mno-hw-mul\libgcc.a(lib2-mul.o)
 .debug_line    0x00000000000007c4      0x107 c:/intelfpga/17.1/nios2eds/bin/gnu/h-x86_64-mingw32/bin/../lib/gcc/nios2-elf/5.3.0/../../../../../H-x86_64-mingw32/nios2-elf/lib/mno-hw-mul\libsmallc.a(lib_a-itoa.o)
 .debug_line    0x00000000000008cb      0x203 c:/intelfpga/17.1/nios2eds/bin/gnu/h-x86_64-mingw32/bin/../lib/gcc/nios2-elf/5.3.0/../../../../../H-x86_64-mingw32/nios2-elf/lib/mno-hw-mul\libsmallc.a(lib_a-printf.o)
 .debug_line    0x0000000000000ace      0x137 c:/intelfpga/17.1/nios2eds/bin/gnu/h-x86_64-mingw32/bin/../lib/gcc/nios2-elf/5.3.0/../../../../../H-x86_64-mingw32/nios2-elf/lib/mno-hw-mul\libsmallc.a(lib_a-utoa.o)
 .debug_line    0x0000000000000c05      0x351 c:/intelfpga/17.1/nios2eds/bin/gnu/h-x86_64-mingw32/bin/../lib/gcc/nios2-elf/5.3.0/../../../../../H-x86_64-mingw32/nios2-elf/lib/mno-hw-mul\libsmallc.a(lib_a-vfprintf.o)
 .debug_line    0x0000000000000f56      0x1f0 c:/intelfpga/17.1/nios2eds/bin/gnu/h-x86_64-mingw32/bin/../lib/gcc/nios2-elf/5.3.0/../../../../../H-x86_64-mingw32/nios2-elf/lib/mno-hw-mul\libsmallc.a(lib_a-fvwrite_small_dev.o)
 .debug_line    0x0000000000001146      0x156 c:/intelfpga/17.1/nios2eds/bin/gnu/h-x86_64-mingw32/bin/../lib/gcc/nios2-elf/5.3.0/../../../../../H-x86_64-mingw32/nios2-elf/lib/mno-hw-mul\libsmallc.a(lib_a-impure.o)
 .debug_line    0x000000000000129c      0x15e c:/intelfpga/17.1/nios2eds/bin/gnu/h-x86_64-mingw32/bin/../lib/gcc/nios2-elf/5.3.0/../../../../../H-x86_64-mingw32/nios2-elf/lib/mno-hw-mul\libsmallc.a(lib_a-memcpy.o)
 .debug_line    0x00000000000013fa      0x15c c:/intelfpga/17.1/nios2eds/bin/gnu/h-x86_64-mingw32/bin/../lib/gcc/nios2-elf/5.3.0/../../../../../H-x86_64-mingw32/nios2-elf/lib/mno-hw-mul\libsmallc.a(lib_a-strlen.o)
 .debug_line    0x0000000000001556      0x1ed c:/intelfpga/17.1/nios2eds/bin/gnu/h-x86_64-mingw32/bin/../lib/gcc/nios2-elf/5.3.0/../../../../../H-x86_64-mingw32/nios2-elf/lib/mno-hw-mul\libsmallc.a(lib_a-writer.o)
 .debug_line    0x0000000000001743       0x5f c:/intelfpga/17.1/nios2eds/bin/gnu/h-x86_64-mingw32/bin/../lib/gcc/nios2-elf/5.3.0/../../../../../H-x86_64-mingw32/nios2-elf/lib/mno-hw-mul\libsmallc.a(lib_a-int_errno.o)
 .debug_line    0x00000000000017a2       0xb7 ../boardGame_bsp/\libhal_bsp.a(alt_getchar.o)
 .debug_line    0x0000000000001859       0xa4 ../boardGame_bsp/\libhal_bsp.a(alt_load.o)
 .debug_line    0x00000000000018fd       0xbd ../boardGame_bsp/\libhal_bsp.a(alt_main.o)
 .debug_line    0x00000000000019ba      0x10d ../boardGame_bsp/\libhal_bsp.a(alt_printf.o)
 .debug_line    0x0000000000001ac7       0x55 ../boardGame_bsp/\libhal_bsp.a(alt_putchar.o)
 .debug_line    0x0000000000001b1c       0x9b ../boardGame_bsp/\libhal_bsp.a(alt_putstr.o)
 .debug_line    0x0000000000001bb7       0xca ../boardGame_bsp/\libhal_bsp.a(alt_usleep.o)
 .debug_line    0x0000000000001c81      0x160 ../boardGame_bsp/\libhal_bsp.a(alt_write.o)
 .debug_line    0x0000000000001de1      0x101 ../boardGame_bsp/\libhal_bsp.a(alt_sys_init.o)
 .debug_line    0x0000000000001ee2       0xfb ../boardGame_bsp/\libhal_bsp.a(altera_avalon_jtag_uart_read.o)
 .debug_line    0x0000000000001fdd       0xf0 ../boardGame_bsp/\libhal_bsp.a(altera_avalon_jtag_uart_write.o)
 .debug_line    0x00000000000020cd       0xb5 ../boardGame_bsp/\libhal_bsp.a(alt_busy_sleep.o)
 .debug_line    0x0000000000002182       0x4e ../boardGame_bsp/\libhal_bsp.a(alt_dcache_flush_all.o)
 .debug_line    0x00000000000021d0       0xf1 ../boardGame_bsp/\libhal_bsp.a(alt_dev.o)
 .debug_line    0x00000000000022c1       0x51 ../boardGame_bsp/\libhal_bsp.a(alt_errno.o)
 .debug_line    0x0000000000002312       0x4e ../boardGame_bsp/\libhal_bsp.a(alt_icache_flush_all.o)
 .debug_line    0x0000000000002360       0x50 ../boardGame_bsp/\libhal_bsp.a(altera_nios2_gen2_irq.o)

.debug_frame    0x0000000000000000      0x800
 *(.debug_frame)
 .debug_frame   0x0000000000000000       0x38 obj/default/main.o
 .debug_frame   0x0000000000000038      0x108 obj/default/reversInit.o
 .debug_frame   0x0000000000000140      0x160 obj/default/ticInit.o
 .debug_frame   0x00000000000002a0       0x50 c:/intelfpga/17.1/nios2eds/bin/gnu/h-x86_64-mingw32/bin/../lib/gcc/nios2-elf/5.3.0/mno-hw-mul\libgcc.a(lib2-divmod.o)
 .debug_frame   0x00000000000002f0       0x20 c:/intelfpga/17.1/nios2eds/bin/gnu/h-x86_64-mingw32/bin/../lib/gcc/nios2-elf/5.3.0/mno-hw-mul\libgcc.a(lib2-mul.o)
 .debug_frame   0x0000000000000310       0x40 c:/intelfpga/17.1/nios2eds/bin/gnu/h-x86_64-mingw32/bin/../lib/gcc/nios2-elf/5.3.0/../../../../../H-x86_64-mingw32/nios2-elf/lib/mno-hw-mul\libsmallc.a(lib_a-itoa.o)
 .debug_frame   0x0000000000000350       0x48 c:/intelfpga/17.1/nios2eds/bin/gnu/h-x86_64-mingw32/bin/../lib/gcc/nios2-elf/5.3.0/../../../../../H-x86_64-mingw32/nios2-elf/lib/mno-hw-mul\libsmallc.a(lib_a-printf.o)
 .debug_frame   0x0000000000000398       0x58 c:/intelfpga/17.1/nios2eds/bin/gnu/h-x86_64-mingw32/bin/../lib/gcc/nios2-elf/5.3.0/../../../../../H-x86_64-mingw32/nios2-elf/lib/mno-hw-mul\libsmallc.a(lib_a-utoa.o)
 .debug_frame   0x00000000000003f0       0x8c c:/intelfpga/17.1/nios2eds/bin/gnu/h-x86_64-mingw32/bin/../lib/gcc/nios2-elf/5.3.0/../../../../../H-x86_64-mingw32/nios2-elf/lib/mno-hw-mul\libsmallc.a(lib_a-vfprintf.o)
 .debug_frame   0x000000000000047c       0x58 c:/intelfpga/17.1/nios2eds/bin/gnu/h-x86_64-mingw32/bin/../lib/gcc/nios2-elf/5.3.0/../../../../../H-x86_64-mingw32/nios2-elf/lib/mno-hw-mul\libsmallc.a(lib_a-fvwrite_small_dev.o)
 .debug_frame   0x00000000000004d4       0x20 c:/intelfpga/17.1/nios2eds/bin/gnu/h-x86_64-mingw32/bin/../lib/gcc/nios2-elf/5.3.0/../../../../../H-x86_64-mingw32/nios2-elf/lib/mno-hw-mul\libsmallc.a(lib_a-memcpy.o)
 .debug_frame   0x00000000000004f4       0x20 c:/intelfpga/17.1/nios2eds/bin/gnu/h-x86_64-mingw32/bin/../lib/gcc/nios2-elf/5.3.0/../../../../../H-x86_64-mingw32/nios2-elf/lib/mno-hw-mul\libsmallc.a(lib_a-strlen.o)
 .debug_frame   0x0000000000000514       0x38 c:/intelfpga/17.1/nios2eds/bin/gnu/h-x86_64-mingw32/bin/../lib/gcc/nios2-elf/5.3.0/../../../../../H-x86_64-mingw32/nios2-elf/lib/mno-hw-mul\libsmallc.a(lib_a-writer.o)
 .debug_frame   0x000000000000054c       0x2c ../boardGame_bsp/\libhal_bsp.a(alt_getchar.o)
 .debug_frame   0x0000000000000578       0x30 ../boardGame_bsp/\libhal_bsp.a(alt_load.o)
 .debug_frame   0x00000000000005a8       0x2c ../boardGame_bsp/\libhal_bsp.a(alt_main.o)
 .debug_frame   0x00000000000005d4       0x54 ../boardGame_bsp/\libhal_bsp.a(alt_printf.o)
 .debug_frame   0x0000000000000628       0x30 ../boardGame_bsp/\libhal_bsp.a(alt_putchar.o)
 .debug_frame   0x0000000000000658       0x30 ../boardGame_bsp/\libhal_bsp.a(alt_putstr.o)
 .debug_frame   0x0000000000000688       0x20 ../boardGame_bsp/\libhal_bsp.a(alt_usleep.o)
 .debug_frame   0x00000000000006a8       0x2c ../boardGame_bsp/\libhal_bsp.a(alt_write.o)
 .debug_frame   0x00000000000006d4       0x3c ../boardGame_bsp/\libhal_bsp.a(alt_sys_init.o)
 .debug_frame   0x0000000000000710       0x20 ../boardGame_bsp/\libhal_bsp.a(altera_avalon_jtag_uart_read.o)
 .debug_frame   0x0000000000000730       0x20 ../boardGame_bsp/\libhal_bsp.a(altera_avalon_jtag_uart_write.o)
 .debug_frame   0x0000000000000750       0x30 ../boardGame_bsp/\libhal_bsp.a(alt_busy_sleep.o)
 .debug_frame   0x0000000000000780       0x20 ../boardGame_bsp/\libhal_bsp.a(alt_dcache_flush_all.o)
 .debug_frame   0x00000000000007a0       0x20 ../boardGame_bsp/\libhal_bsp.a(alt_dev.o)
 .debug_frame   0x00000000000007c0       0x20 ../boardGame_bsp/\libhal_bsp.a(alt_icache_flush_all.o)
 .debug_frame   0x00000000000007e0       0x20 ../boardGame_bsp/\libhal_bsp.a(altera_nios2_gen2_irq.o)

.debug_str      0x0000000000000000     0x1517
 *(.debug_str)
 .debug_str     0x0000000000000000      0x1f4 obj/default/main.o
                                        0x23e (size before relaxing)
 .debug_str     0x00000000000001f4       0x60 obj/default/reversInit.o
                                        0x252 (size before relaxing)
 .debug_str     0x0000000000000254       0x80 obj/default/ticInit.o
                                        0x2a0 (size before relaxing)
 .debug_str     0x00000000000002d4      0x187 c:/intelfpga/17.1/nios2eds/bin/gnu/h-x86_64-mingw32/bin/../lib/gcc/nios2-elf/5.3.0/mno-hw-mul\libgcc.a(lib2-divmod.o)
                                        0x1d2 (size before relaxing)
 .debug_str     0x000000000000045b       0x40 c:/intelfpga/17.1/nios2eds/bin/gnu/h-x86_64-mingw32/bin/../lib/gcc/nios2-elf/5.3.0/mno-hw-mul\libgcc.a(lib2-mul.o)
                                        0x193 (size before relaxing)
 .debug_str     0x000000000000049b      0x14b c:/intelfpga/17.1/nios2eds/bin/gnu/h-x86_64-mingw32/bin/../lib/gcc/nios2-elf/5.3.0/../../../../../H-x86_64-mingw32/nios2-elf/lib/mno-hw-mul\libsmallc.a(lib_a-itoa.o)
                                        0x1f4 (size before relaxing)
 .debug_str     0x00000000000005e6      0x3c9 c:/intelfpga/17.1/nios2eds/bin/gnu/h-x86_64-mingw32/bin/../lib/gcc/nios2-elf/5.3.0/../../../../../H-x86_64-mingw32/nios2-elf/lib/mno-hw-mul\libsmallc.a(lib_a-printf.o)
                                        0x504 (size before relaxing)
 .debug_str     0x00000000000009af       0x53 c:/intelfpga/17.1/nios2eds/bin/gnu/h-x86_64-mingw32/bin/../lib/gcc/nios2-elf/5.3.0/../../../../../H-x86_64-mingw32/nios2-elf/lib/mno-hw-mul\libsmallc.a(lib_a-utoa.o)
                                        0x1fe (size before relaxing)
 .debug_str     0x0000000000000a02      0x1f8 c:/intelfpga/17.1/nios2eds/bin/gnu/h-x86_64-mingw32/bin/../lib/gcc/nios2-elf/5.3.0/../../../../../H-x86_64-mingw32/nios2-elf/lib/mno-hw-mul\libsmallc.a(lib_a-vfprintf.o)
                                        0x67f (size before relaxing)
 .debug_str     0x0000000000000bfa       0x78 c:/intelfpga/17.1/nios2eds/bin/gnu/h-x86_64-mingw32/bin/../lib/gcc/nios2-elf/5.3.0/../../../../../H-x86_64-mingw32/nios2-elf/lib/mno-hw-mul\libsmallc.a(lib_a-fvwrite_small_dev.o)
                                        0x4d4 (size before relaxing)
 .debug_str     0x0000000000000c72       0xef c:/intelfpga/17.1/nios2eds/bin/gnu/h-x86_64-mingw32/bin/../lib/gcc/nios2-elf/5.3.0/../../../../../H-x86_64-mingw32/nios2-elf/lib/mno-hw-mul\libsmallc.a(lib_a-impure.o)
                                        0x4be (size before relaxing)
 .debug_str     0x0000000000000d61       0xe6 c:/intelfpga/17.1/nios2eds/bin/gnu/h-x86_64-mingw32/bin/../lib/gcc/nios2-elf/5.3.0/../../../../../H-x86_64-mingw32/nios2-elf/lib/mno-hw-mul\libsmallc.a(lib_a-memcpy.o)
                                        0x1f3 (size before relaxing)
 .debug_str     0x0000000000000e47       0x3d c:/intelfpga/17.1/nios2eds/bin/gnu/h-x86_64-mingw32/bin/../lib/gcc/nios2-elf/5.3.0/../../../../../H-x86_64-mingw32/nios2-elf/lib/mno-hw-mul\libsmallc.a(lib_a-strlen.o)
                                        0x1e5 (size before relaxing)
 .debug_str     0x0000000000000e84       0x45 c:/intelfpga/17.1/nios2eds/bin/gnu/h-x86_64-mingw32/bin/../lib/gcc/nios2-elf/5.3.0/../../../../../H-x86_64-mingw32/nios2-elf/lib/mno-hw-mul\libsmallc.a(lib_a-writer.o)
                                        0x4b8 (size before relaxing)
 .debug_str     0x0000000000000ec9       0x3f c:/intelfpga/17.1/nios2eds/bin/gnu/h-x86_64-mingw32/bin/../lib/gcc/nios2-elf/5.3.0/../../../../../H-x86_64-mingw32/nios2-elf/lib/mno-hw-mul\libsmallc.a(lib_a-int_errno.o)
                                        0x1d8 (size before relaxing)
 .debug_str     0x0000000000000f08      0x122 ../boardGame_bsp/\libhal_bsp.a(alt_getchar.o)
                                        0x230 (size before relaxing)
 .debug_str     0x000000000000102a      0x11b ../boardGame_bsp/\libhal_bsp.a(alt_load.o)
                                        0x236 (size before relaxing)
 .debug_str     0x0000000000001145       0x5e ../boardGame_bsp/\libhal_bsp.a(alt_main.o)
                                        0x1af (size before relaxing)
 .debug_str     0x00000000000011a3       0x2d ../boardGame_bsp/\libhal_bsp.a(alt_printf.o)
                                        0x100 (size before relaxing)
 .debug_str     0x00000000000011d0       0x34 ../boardGame_bsp/\libhal_bsp.a(alt_putchar.o)
                                        0x185 (size before relaxing)
 .debug_str     0x0000000000001204       0x15 ../boardGame_bsp/\libhal_bsp.a(alt_putstr.o)
                                        0x18a (size before relaxing)
 .debug_str     0x0000000000001219       0x2f ../boardGame_bsp/\libhal_bsp.a(alt_usleep.o)
                                        0x151 (size before relaxing)
 .debug_str     0x0000000000001248       0x2c ../boardGame_bsp/\libhal_bsp.a(alt_write.o)
                                        0x1d8 (size before relaxing)
 .debug_str     0x0000000000001274       0x81 ../boardGame_bsp/\libhal_bsp.a(alt_sys_init.o)
                                        0x21e (size before relaxing)
 .debug_str     0x00000000000012f5       0x31 ../boardGame_bsp/\libhal_bsp.a(altera_avalon_jtag_uart_read.o)
                                        0x219 (size before relaxing)
 .debug_str     0x0000000000001326       0x2c ../boardGame_bsp/\libhal_bsp.a(altera_avalon_jtag_uart_write.o)
                                        0x20f (size before relaxing)
 .debug_str     0x0000000000001352       0x33 ../boardGame_bsp/\libhal_bsp.a(alt_busy_sleep.o)
                                        0x165 (size before relaxing)
 .debug_str     0x0000000000001385       0x1f ../boardGame_bsp/\libhal_bsp.a(alt_dcache_flush_all.o)
                                        0x14f (size before relaxing)
 .debug_str     0x00000000000013a4      0x120 ../boardGame_bsp/\libhal_bsp.a(alt_dev.o)
                                        0x2ff (size before relaxing)
 .debug_str     0x00000000000014c4       0x14 ../boardGame_bsp/\libhal_bsp.a(alt_errno.o)
                                        0x13f (size before relaxing)
 .debug_str     0x00000000000014d8       0x1f ../boardGame_bsp/\libhal_bsp.a(alt_icache_flush_all.o)
                                        0x14f (size before relaxing)
 .debug_str     0x00000000000014f7       0x20 ../boardGame_bsp/\libhal_bsp.a(altera_nios2_gen2_irq.o)
                                        0x156 (size before relaxing)

.debug_loc      0x0000000000000000     0x2412
 *(.debug_loc)
 .debug_loc     0x0000000000000000       0x1e obj/default/main.o
 .debug_loc     0x000000000000001e      0x3b4 obj/default/reversInit.o
 .debug_loc     0x00000000000003d2      0x56c obj/default/ticInit.o
 .debug_loc     0x000000000000093e      0x4ce c:/intelfpga/17.1/nios2eds/bin/gnu/h-x86_64-mingw32/bin/../lib/gcc/nios2-elf/5.3.0/mno-hw-mul\libgcc.a(lib2-divmod.o)
 .debug_loc     0x0000000000000e0c       0x93 c:/intelfpga/17.1/nios2eds/bin/gnu/h-x86_64-mingw32/bin/../lib/gcc/nios2-elf/5.3.0/mno-hw-mul\libgcc.a(lib2-mul.o)
 .debug_loc     0x0000000000000e9f      0x13c c:/intelfpga/17.1/nios2eds/bin/gnu/h-x86_64-mingw32/bin/../lib/gcc/nios2-elf/5.3.0/../../../../../H-x86_64-mingw32/nios2-elf/lib/mno-hw-mul\libsmallc.a(lib_a-itoa.o)
 .debug_loc     0x0000000000000fdb       0xc6 c:/intelfpga/17.1/nios2eds/bin/gnu/h-x86_64-mingw32/bin/../lib/gcc/nios2-elf/5.3.0/../../../../../H-x86_64-mingw32/nios2-elf/lib/mno-hw-mul\libsmallc.a(lib_a-printf.o)
 .debug_loc     0x00000000000010a1      0x204 c:/intelfpga/17.1/nios2eds/bin/gnu/h-x86_64-mingw32/bin/../lib/gcc/nios2-elf/5.3.0/../../../../../H-x86_64-mingw32/nios2-elf/lib/mno-hw-mul\libsmallc.a(lib_a-utoa.o)
 .debug_loc     0x00000000000012a5      0x954 c:/intelfpga/17.1/nios2eds/bin/gnu/h-x86_64-mingw32/bin/../lib/gcc/nios2-elf/5.3.0/../../../../../H-x86_64-mingw32/nios2-elf/lib/mno-hw-mul\libsmallc.a(lib_a-vfprintf.o)
 .debug_loc     0x0000000000001bf9      0x110 c:/intelfpga/17.1/nios2eds/bin/gnu/h-x86_64-mingw32/bin/../lib/gcc/nios2-elf/5.3.0/../../../../../H-x86_64-mingw32/nios2-elf/lib/mno-hw-mul\libsmallc.a(lib_a-fvwrite_small_dev.o)
 .debug_loc     0x0000000000001d09      0x135 c:/intelfpga/17.1/nios2eds/bin/gnu/h-x86_64-mingw32/bin/../lib/gcc/nios2-elf/5.3.0/../../../../../H-x86_64-mingw32/nios2-elf/lib/mno-hw-mul\libsmallc.a(lib_a-memcpy.o)
 .debug_loc     0x0000000000001e3e       0x1e c:/intelfpga/17.1/nios2eds/bin/gnu/h-x86_64-mingw32/bin/../lib/gcc/nios2-elf/5.3.0/../../../../../H-x86_64-mingw32/nios2-elf/lib/mno-hw-mul\libsmallc.a(lib_a-strlen.o)
 .debug_loc     0x0000000000001e5c       0xa5 c:/intelfpga/17.1/nios2eds/bin/gnu/h-x86_64-mingw32/bin/../lib/gcc/nios2-elf/5.3.0/../../../../../H-x86_64-mingw32/nios2-elf/lib/mno-hw-mul\libsmallc.a(lib_a-writer.o)
 .debug_loc     0x0000000000001f01      0x1de ../boardGame_bsp/\libhal_bsp.a(alt_printf.o)
 .debug_loc     0x00000000000020df       0x2c ../boardGame_bsp/\libhal_bsp.a(alt_putchar.o)
 .debug_loc     0x000000000000210b       0x37 ../boardGame_bsp/\libhal_bsp.a(alt_putstr.o)
 .debug_loc     0x0000000000002142       0x21 ../boardGame_bsp/\libhal_bsp.a(alt_usleep.o)
 .debug_loc     0x0000000000002163       0xcf ../boardGame_bsp/\libhal_bsp.a(alt_write.o)
 .debug_loc     0x0000000000002232       0x21 ../boardGame_bsp/\libhal_bsp.a(alt_sys_init.o)
 .debug_loc     0x0000000000002253       0xcd ../boardGame_bsp/\libhal_bsp.a(altera_avalon_jtag_uart_read.o)
 .debug_loc     0x0000000000002320       0x8b ../boardGame_bsp/\libhal_bsp.a(altera_avalon_jtag_uart_write.o)
 .debug_loc     0x00000000000023ab       0x67 ../boardGame_bsp/\libhal_bsp.a(alt_busy_sleep.o)

.debug_macinfo
 *(.debug_macinfo)

.debug_weaknames
 *(.debug_weaknames)

.debug_funcnames
 *(.debug_funcnames)

.debug_typenames
 *(.debug_typenames)

.debug_varnames
 *(.debug_varnames)

.debug_alt_sim_info
                0x0000000000000000       0x40
 *(.debug_alt_sim_info)
 .debug_alt_sim_info
                0x0000000000000000       0x10 ../boardGame_bsp//obj/HAL/src/crt0.o
 .debug_alt_sim_info
                0x0000000000000010       0x30 ../boardGame_bsp/\libhal_bsp.a(alt_busy_sleep.o)
                0x00000000000186a0                __alt_data_end = 0x186a0
                0x00000000000186a0                PROVIDE (__alt_stack_pointer, __alt_data_end)
                [!provide]                        PROVIDE (__alt_stack_limit, __alt_stack_base)
                [!provide]                        PROVIDE (__alt_heap_start, end)
                [!provide]                        PROVIDE (__alt_heap_limit, 0x186a0)
OUTPUT(boardGame.elf elf32-littlenios2)

.debug_ranges   0x0000000000000000      0x5d0
 .debug_ranges  0x0000000000000000       0x20 ../boardGame_bsp//obj/HAL/src/crt0.o
 .debug_ranges  0x0000000000000020       0x10 obj/default/main.o
 .debug_ranges  0x0000000000000030       0x88 obj/default/reversInit.o
 .debug_ranges  0x00000000000000b8      0x2b0 obj/default/ticInit.o
 .debug_ranges  0x0000000000000368       0x60 c:/intelfpga/17.1/nios2eds/bin/gnu/h-x86_64-mingw32/bin/../lib/gcc/nios2-elf/5.3.0/mno-hw-mul\libgcc.a(lib2-divmod.o)
 .debug_ranges  0x00000000000003c8       0x18 c:/intelfpga/17.1/nios2eds/bin/gnu/h-x86_64-mingw32/bin/../lib/gcc/nios2-elf/5.3.0/../../../../../H-x86_64-mingw32/nios2-elf/lib/mno-hw-mul\libsmallc.a(lib_a-itoa.o)
 .debug_ranges  0x00000000000003e0       0x18 c:/intelfpga/17.1/nios2eds/bin/gnu/h-x86_64-mingw32/bin/../lib/gcc/nios2-elf/5.3.0/../../../../../H-x86_64-mingw32/nios2-elf/lib/mno-hw-mul\libsmallc.a(lib_a-printf.o)
 .debug_ranges  0x00000000000003f8       0x18 c:/intelfpga/17.1/nios2eds/bin/gnu/h-x86_64-mingw32/bin/../lib/gcc/nios2-elf/5.3.0/../../../../../H-x86_64-mingw32/nios2-elf/lib/mno-hw-mul\libsmallc.a(lib_a-utoa.o)
 .debug_ranges  0x0000000000000410       0xc8 c:/intelfpga/17.1/nios2eds/bin/gnu/h-x86_64-mingw32/bin/../lib/gcc/nios2-elf/5.3.0/../../../../../H-x86_64-mingw32/nios2-elf/lib/mno-hw-mul\libsmallc.a(lib_a-vfprintf.o)
 .debug_ranges  0x00000000000004d8       0x28 c:/intelfpga/17.1/nios2eds/bin/gnu/h-x86_64-mingw32/bin/../lib/gcc/nios2-elf/5.3.0/../../../../../H-x86_64-mingw32/nios2-elf/lib/mno-hw-mul\libsmallc.a(lib_a-fvwrite_small_dev.o)
 .debug_ranges  0x0000000000000500       0x10 c:/intelfpga/17.1/nios2eds/bin/gnu/h-x86_64-mingw32/bin/../lib/gcc/nios2-elf/5.3.0/../../../../../H-x86_64-mingw32/nios2-elf/lib/mno-hw-mul\libsmallc.a(lib_a-memcpy.o)
 .debug_ranges  0x0000000000000510       0x10 c:/intelfpga/17.1/nios2eds/bin/gnu/h-x86_64-mingw32/bin/../lib/gcc/nios2-elf/5.3.0/../../../../../H-x86_64-mingw32/nios2-elf/lib/mno-hw-mul\libsmallc.a(lib_a-strlen.o)
 .debug_ranges  0x0000000000000520       0x10 c:/intelfpga/17.1/nios2eds/bin/gnu/h-x86_64-mingw32/bin/../lib/gcc/nios2-elf/5.3.0/../../../../../H-x86_64-mingw32/nios2-elf/lib/mno-hw-mul\libsmallc.a(lib_a-writer.o)
 .debug_ranges  0x0000000000000530       0x48 ../boardGame_bsp/\libhal_bsp.a(alt_load.o)
 .debug_ranges  0x0000000000000578       0x18 ../boardGame_bsp/\libhal_bsp.a(alt_printf.o)
 .debug_ranges  0x0000000000000590       0x20 ../boardGame_bsp/\libhal_bsp.a(alt_write.o)
 .debug_ranges  0x00000000000005b0       0x20 ../boardGame_bsp/\libhal_bsp.a(altera_avalon_jtag_uart_read.o)
